Archive member included to satisfy reference by file (symbol)

C:/ST/STM32CubeIDE_1.16.0/STM32CubeIDE/plugins/com.st.stm32cube.ide.mcu.externaltools.gnu-tools-for-stm32.12.3.rel1.win32_1.0.200.202406191623/tools/bin/../lib/gcc/arm-none-eabi/12.3.1/../../../../arm-none-eabi/lib/thumb/v7e-m+dp/hard\libc_nano.a(libc_a-exit.o)
                              C:/ST/STM32CubeIDE_1.16.0/STM32CubeIDE/plugins/com.st.stm32cube.ide.mcu.externaltools.gnu-tools-for-stm32.12.3.rel1.win32_1.0.200.202406191623/tools/bin/../lib/gcc/arm-none-eabi/12.3.1/../../../../arm-none-eabi/lib/thumb/v7e-m+dp/hard/crt0.o (exit)
C:/ST/STM32CubeIDE_1.16.0/STM32CubeIDE/plugins/com.st.stm32cube.ide.mcu.externaltools.gnu-tools-for-stm32.12.3.rel1.win32_1.0.200.202406191623/tools/bin/../lib/gcc/arm-none-eabi/12.3.1/../../../../arm-none-eabi/lib/thumb/v7e-m+dp/hard\libc_nano.a(libc_a-malloc.o)
                              ./Middlewares/ST/STM32_USB_Device_Library/Class/CDC/Src/usbd_cdc.o (malloc)
C:/ST/STM32CubeIDE_1.16.0/STM32CubeIDE/plugins/com.st.stm32cube.ide.mcu.externaltools.gnu-tools-for-stm32.12.3.rel1.win32_1.0.200.202406191623/tools/bin/../lib/gcc/arm-none-eabi/12.3.1/../../../../arm-none-eabi/lib/thumb/v7e-m+dp/hard\libc_nano.a(libc_a-mallocr.o)
                              C:/ST/STM32CubeIDE_1.16.0/STM32CubeIDE/plugins/com.st.stm32cube.ide.mcu.externaltools.gnu-tools-for-stm32.12.3.rel1.win32_1.0.200.202406191623/tools/bin/../lib/gcc/arm-none-eabi/12.3.1/../../../../arm-none-eabi/lib/thumb/v7e-m+dp/hard\libc_nano.a(libc_a-malloc.o) (_malloc_r)
C:/ST/STM32CubeIDE_1.16.0/STM32CubeIDE/plugins/com.st.stm32cube.ide.mcu.externaltools.gnu-tools-for-stm32.12.3.rel1.win32_1.0.200.202406191623/tools/bin/../lib/gcc/arm-none-eabi/12.3.1/../../../../arm-none-eabi/lib/thumb/v7e-m+dp/hard\libc_nano.a(libc_a-mlock.o)
                              C:/ST/STM32CubeIDE_1.16.0/STM32CubeIDE/plugins/com.st.stm32cube.ide.mcu.externaltools.gnu-tools-for-stm32.12.3.rel1.win32_1.0.200.202406191623/tools/bin/../lib/gcc/arm-none-eabi/12.3.1/../../../../arm-none-eabi/lib/thumb/v7e-m+dp/hard\libc_nano.a(libc_a-mallocr.o) (__malloc_lock)
C:/ST/STM32CubeIDE_1.16.0/STM32CubeIDE/plugins/com.st.stm32cube.ide.mcu.externaltools.gnu-tools-for-stm32.12.3.rel1.win32_1.0.200.202406191623/tools/bin/../lib/gcc/arm-none-eabi/12.3.1/../../../../arm-none-eabi/lib/thumb/v7e-m+dp/hard\libc_nano.a(libc_a-findfp.o)
                              C:/ST/STM32CubeIDE_1.16.0/STM32CubeIDE/plugins/com.st.stm32cube.ide.mcu.externaltools.gnu-tools-for-stm32.12.3.rel1.win32_1.0.200.202406191623/tools/bin/../lib/gcc/arm-none-eabi/12.3.1/../../../../arm-none-eabi/lib/thumb/v7e-m+dp/hard\libc_nano.a(libc_a-exit.o) (__stdio_exit_handler)
C:/ST/STM32CubeIDE_1.16.0/STM32CubeIDE/plugins/com.st.stm32cube.ide.mcu.externaltools.gnu-tools-for-stm32.12.3.rel1.win32_1.0.200.202406191623/tools/bin/../lib/gcc/arm-none-eabi/12.3.1/../../../../arm-none-eabi/lib/thumb/v7e-m+dp/hard\libc_nano.a(libc_a-fwalk.o)
                              C:/ST/STM32CubeIDE_1.16.0/STM32CubeIDE/plugins/com.st.stm32cube.ide.mcu.externaltools.gnu-tools-for-stm32.12.3.rel1.win32_1.0.200.202406191623/tools/bin/../lib/gcc/arm-none-eabi/12.3.1/../../../../arm-none-eabi/lib/thumb/v7e-m+dp/hard\libc_nano.a(libc_a-findfp.o) (_fwalk_sglue)
C:/ST/STM32CubeIDE_1.16.0/STM32CubeIDE/plugins/com.st.stm32cube.ide.mcu.externaltools.gnu-tools-for-stm32.12.3.rel1.win32_1.0.200.202406191623/tools/bin/../lib/gcc/arm-none-eabi/12.3.1/../../../../arm-none-eabi/lib/thumb/v7e-m+dp/hard\libc_nano.a(libc_a-stdio.o)
                              C:/ST/STM32CubeIDE_1.16.0/STM32CubeIDE/plugins/com.st.stm32cube.ide.mcu.externaltools.gnu-tools-for-stm32.12.3.rel1.win32_1.0.200.202406191623/tools/bin/../lib/gcc/arm-none-eabi/12.3.1/../../../../arm-none-eabi/lib/thumb/v7e-m+dp/hard\libc_nano.a(libc_a-findfp.o) (__sread)
C:/ST/STM32CubeIDE_1.16.0/STM32CubeIDE/plugins/com.st.stm32cube.ide.mcu.externaltools.gnu-tools-for-stm32.12.3.rel1.win32_1.0.200.202406191623/tools/bin/../lib/gcc/arm-none-eabi/12.3.1/../../../../arm-none-eabi/lib/thumb/v7e-m+dp/hard\libc_nano.a(libc_a-memset.o)
                              C:/ST/STM32CubeIDE_1.16.0/STM32CubeIDE/plugins/com.st.stm32cube.ide.mcu.externaltools.gnu-tools-for-stm32.12.3.rel1.win32_1.0.200.202406191623/tools/bin/../lib/gcc/arm-none-eabi/12.3.1/../../../../arm-none-eabi/lib/thumb/v7e-m+dp/hard/crt0.o (memset)
C:/ST/STM32CubeIDE_1.16.0/STM32CubeIDE/plugins/com.st.stm32cube.ide.mcu.externaltools.gnu-tools-for-stm32.12.3.rel1.win32_1.0.200.202406191623/tools/bin/../lib/gcc/arm-none-eabi/12.3.1/../../../../arm-none-eabi/lib/thumb/v7e-m+dp/hard\libc_nano.a(libc_a-closer.o)
                              C:/ST/STM32CubeIDE_1.16.0/STM32CubeIDE/plugins/com.st.stm32cube.ide.mcu.externaltools.gnu-tools-for-stm32.12.3.rel1.win32_1.0.200.202406191623/tools/bin/../lib/gcc/arm-none-eabi/12.3.1/../../../../arm-none-eabi/lib/thumb/v7e-m+dp/hard\libc_nano.a(libc_a-stdio.o) (_close_r)
[...]
Memory Configuration

Name             Origin             Length             Attributes
RAM              0x20000000         0x00080000         xrw
FLASH            0x08000000         0x00200000         xr
*default*        0x00000000         0xffffffff

Linker script and memory map

LOAD C:/ST/STM32CubeIDE_1.16.0/STM32CubeIDE/plugins/com.st.stm32cube.ide.mcu.externaltools.gnu-tools-for-stm32.12.3.rel1.win32_1.0.200.202406191623/tools/bin/../lib/gcc/arm-none-eabi/12.3.1/thumb/v7e-m+dp/hard/crti.o
LOAD C:/ST/STM32CubeIDE_1.16.0/STM32CubeIDE/plugins/com.st.stm32cube.ide.mcu.externaltools.gnu-tools-for-stm32.12.3.rel1.win32_1.0.200.202406191623/tools/bin/../lib/gcc/arm-none-eabi/12.3.1/thumb/v7e-m+dp/hard/crtbegin.o
LOAD C:/ST/STM32CubeIDE_1.16.0/STM32CubeIDE/plugins/com.st.stm32cube.ide.mcu.externaltools.gnu-tools-for-stm32.12.3.rel1.win32_1.0.200.202406191623/tools/bin/../lib/gcc/arm-none-eabi/12.3.1/../../../../arm-none-eabi/lib/thumb/v7e-m+dp/hard/crt0.o
LOAD ./ADC_Driver/Source/ADAU1978.o
LOAD ./Core/Src/main.o
LOAD ./Core/Src/stm32f7xx_hal_msp.o
LOAD ./Core/Src/stm32f7xx_it.o
LOAD ./Core/Src/syscalls.o
LOAD ./Core/Src/sysmem.o
LOAD ./Core/Src/system_stm32f7xx.o
LOAD ./Core/Startup/startup_stm32f767zitx.o
LOAD ./Drivers/STM32F7xx_HAL_Driver/Src/stm32f7xx_hal.o
LOAD ./Drivers/STM32F7xx_HAL_Driver/Src/stm32f7xx_hal_adc.o
LOAD ./Drivers/STM32F7xx_HAL_Driver/Src/stm32f7xx_hal_adc_ex.o
LOAD ./Drivers/STM32F7xx_HAL_Driver/Src/stm32f7xx_hal_cortex.o
LOAD ./Drivers/STM32F7xx_HAL_Driver/Src/stm32f7xx_hal_dma.o
LOAD ./Drivers/STM32F7xx_HAL_Driver/Src/stm32f7xx_hal_dma_ex.o
LOAD ./Drivers/STM32F7xx_HAL_Driver/Src/stm32f7xx_hal_exti.o
LOAD ./Drivers/STM32F7xx_HAL_Driver/Src/stm32f7xx_hal_flash.o
LOAD ./Drivers/STM32F7xx_HAL_Driver/Src/stm32f7xx_hal_flash_ex.o
LOAD ./Drivers/STM32F7xx_HAL_Driver/Src/stm32f7xx_hal_gpio.o
LOAD ./Drivers/STM32F7xx_HAL_Driver/Src/stm32f7xx_hal_i2c.o
LOAD ./Drivers/STM32F7xx_HAL_Driver/Src/stm32f7xx_hal_i2c_ex.o
LOAD ./Drivers/STM32F7xx_HAL_Driver/Src/stm32f7xx_hal_pcd.o
LOAD ./Drivers/STM32F7xx_HAL_Driver/Src/stm32f7xx_hal_pcd_ex.o
LOAD ./Drivers/STM32F7xx_HAL_Driver/Src/stm32f7xx_hal_pwr.o
LOAD ./Drivers/STM32F7xx_HAL_Driver/Src/stm32f7xx_hal_pwr_ex.o
LOAD ./Drivers/STM32F7xx_HAL_Driver/Src/stm32f7xx_hal_rcc.o
LOAD ./Drivers/STM32F7xx_HAL_Driver/Src/stm32f7xx_hal_rcc_ex.o
LOAD ./Drivers/STM32F7xx_HAL_Driver/Src/stm32f7xx_hal_sai.o
LOAD ./Drivers/STM32F7xx_HAL_Driver/Src/stm32f7xx_hal_sai_ex.o
LOAD ./Drivers/STM32F7xx_HAL_Driver/Src/stm32f7xx_hal_tim.o
LOAD ./Drivers/STM32F7xx_HAL_Driver/Src/stm32f7xx_hal_tim_ex.o
LOAD ./Drivers/STM32F7xx_HAL_Driver/Src/stm32f7xx_ll_usb.o
LOAD ./Middlewares/ST/STM32_USB_Device_Library/Class/CDC/Src/usbd_cdc.o
LOAD ./Middlewares/ST/STM32_USB_Device_Library/Core/Src/usbd_core.o
LOAD ./Middlewares/ST/STM32_USB_Device_Library/Core/Src/usbd_ctlreq.o
LOAD ./Middlewares/ST/STM32_USB_Device_Library/Core/Src/usbd_ioreq.o
LOAD ./USB_DEVICE/App/usb_device.o
LOAD ./USB_DEVICE/App/usbd_cdc_if.o
LOAD ./USB_DEVICE/App/usbd_desc.o
LOAD ./USB_DEVICE/Target/usbd_conf.o
START GROUP
LOAD C:/ST/STM32CubeIDE_1.16.0/STM32CubeIDE/plugins/com.st.stm32cube.ide.mcu.externaltools.gnu-tools-for-stm32.12.3.rel1.win32_1.0.200.202406191623/tools/bin/../lib/gcc/arm-none-eabi/12.3.1/../../../../arm-none-eabi/lib/thumb/v7e-m+dp/hard\libc_nano.a
LOAD C:/ST/STM32CubeIDE_1.16.0/STM32CubeIDE/plugins/com.st.stm32cube.ide.mcu.externaltools.gnu-tools-for-stm32.12.3.rel1.win32_1.0.200.202406191623/tools/bin/../lib/gcc/arm-none-eabi/12.3.1/../../../../arm-none-eabi/lib/thumb/v7e-m+dp/hard\libm.a
END GROUP
START GROUP
LOAD C:/ST/STM32CubeIDE_1.16.0/STM32CubeIDE/plugins/com.st.stm32cube.ide.mcu.externaltools.gnu-tools-for-stm32.12.3.rel1.win32_1.0.200.202406191623/tools/bin/../lib/gcc/arm-none-eabi/12.3.1/thumb/v7e-m+dp/hard\libgcc.a
LOAD C:/ST/STM32CubeIDE_1.16.0/STM32CubeIDE/plugins/com.st.stm32cube.ide.mcu.externaltools.gnu-tools-for-stm32.12.3.rel1.win32_1.0.200.202406191623/tools/bin/../lib/gcc/arm-none-eabi/12.3.1/../../../../arm-none-eabi/lib/thumb/v7e-m+dp/hard\libc_nano.a
END GROUP
START GROUP
LOAD C:/ST/STM32CubeIDE_1.16.0/STM32CubeIDE/plugins/com.st.stm32cube.ide.mcu.externaltools.gnu-tools-for-stm32.12.3.rel1.win32_1.0.200.202406191623/tools/bin/../lib/gcc/arm-none-eabi/12.3.1/thumb/v7e-m+dp/hard\libgcc.a
LOAD C:/ST/STM32CubeIDE_1.16.0/STM32CubeIDE/plugins/com.st.stm32cube.ide.mcu.externaltools.gnu-tools-for-stm32.12.3.rel1.win32_1.0.200.202406191623/tools/bin/../lib/gcc/arm-none-eabi/12.3.1/../../../../arm-none-eabi/lib/thumb/v7e-m+dp/hard\libc_nano.a
LOAD C:/ST/STM32CubeIDE_1.16.0/STM32CubeIDE/plugins/com.st.stm32cube.ide.mcu.externaltools.gnu-tools-for-stm32.12.3.rel1.win32_1.0.200.202406191623/tools/bin/../lib/gcc/arm-none-eabi/12.3.1/../../../../arm-none-eabi/lib/thumb/v7e-m+dp/hard\libnosys.a
END GROUP
START GROUP
LOAD C:/ST/STM32CubeIDE_1.16.0/STM32CubeIDE/plugins/com.st.stm32cube.ide.mcu.externaltools.gnu-tools-for-stm32.12.3.rel1.win32_1.0.200.202406191623/tools/bin/../lib/gcc/arm-none-eabi/12.3.1/thumb/v7e-m+dp/hard\libgcc.a
LOAD C:/ST/STM32CubeIDE_1.16.0/STM32CubeIDE/plugins/com.st.stm32cube.ide.mcu.externaltools.gnu-tools-for-stm32.12.3.rel1.win32_1.0.200.202406191623/tools/bin/../lib/gcc/arm-none-eabi/12.3.1/../../../../arm-none-eabi/lib/thumb/v7e-m+dp/hard\libc_nano.a
LOAD C:/ST/STM32CubeIDE_1.16.0/STM32CubeIDE/plugins/com.st.stm32cube.ide.mcu.externaltools.gnu-tools-for-stm32.12.3.rel1.win32_1.0.200.202406191623/tools/bin/../lib/gcc/arm-none-eabi/12.3.1/../../../../arm-none-eabi/lib/thumb/v7e-m+dp/hard\libnosys.a
END GROUP
LOAD C:/ST/STM32CubeIDE_1.16.0/STM32CubeIDE/plugins/com.st.stm32cube.ide.mcu.externaltools.gnu-tools-for-stm32.12.3.rel1.win32_1.0.200.202406191623/tools/bin/../lib/gcc/arm-none-eabi/12.3.1/thumb/v7e-m+dp/hard/crtend.o
LOAD C:/ST/STM32CubeIDE_1.16.0/STM32CubeIDE/plugins/com.st.stm32cube.ide.mcu.externaltools.gnu-tools-for-stm32.12.3.rel1.win32_1.0.200.202406191623/tools/bin/../lib/gcc/arm-none-eabi/12.3.1/thumb/v7e-m+dp/hard/crtn.o
                0x20080000                        _estack = (ORIGIN (RAM) + LENGTH (RAM))
                0x00004000                        _Min_Heap_Size = 0x4000
                0x00002000                        _Min_Stack_Size = 0x2000

.isr_vector     0x08000000      0x1f8
                0x08000000                        . = ALIGN (0x4)
 *(.isr_vector)
 .isr_vector    0x08000000      0x1f8 ./Core/Startup/startup_stm32f767zitx.o
                0x08000000                g_pfnVectors
                0x080001f8                        . = ALIGN (0x4)

.text           0x080001f8     0xb8d4
                0x080001f8                        . = ALIGN (0x4)
 *(.text)
 .text          0x080001f8       0x40 C:/ST/STM32CubeIDE_1.16.0/STM32CubeIDE/plugins/com.st.stm32cube.ide.mcu.externaltools.gnu-tools-for-stm32.12.3.rel1.win32_1.0.200.202406191623/tools/bin/../lib/gcc/arm-none-eabi/12.3.1/thumb/v7e-m+dp/hard/crtbegin.o
 .text          0x08000238       0x14 C:/ST/STM32CubeIDE_1.16.0/STM32CubeIDE/plugins/com.st.stm32cube.ide.mcu.externaltools.gnu-tools-for-stm32.12.3.rel1.win32_1.0.200.202406191623/tools/bin/../lib/gcc/arm-none-eabi/12.3.1/../../../../arm-none-eabi/lib/thumb/v7e-m+dp/hard\libc_nano.a(libc_a-strcmp.o)
                0x08000238                strcmp
 .text          0x0800024c       0x30 C:/ST/STM32CubeIDE_1.16.0/STM32CubeIDE/plugins/com.st.stm32cube.ide.mcu.externaltools.gnu-tools-for-stm32.12.3.rel1.win32_1.0.200.202406191623/tools/bin/../lib/gcc/arm-none-eabi/12.3.1/thumb/v7e-m+dp/hard\libgcc.a(_aeabi_uldivmod.o)
                0x0800024c                __aeabi_uldivmod
 .text          0x0800027c      0x2bc C:/ST/STM32CubeIDE_1.16.0/STM32CubeIDE/plugins/com.st.stm32cube.ide.mcu.externaltools.gnu-tools-for-stm32.12.3.rel1.win32_1.0.200.202406191623/tools/bin/../lib/gcc/arm-none-eabi/12.3.1/thumb/v7e-m+dp/hard\libgcc.a(_udivmoddi4.o)
                0x0800027c                __udivmoddi4
 .text          0x08000538        0x4 C:/ST/STM32CubeIDE_1.16.0/STM32CubeIDE/plugins/com.st.stm32cube.ide.mcu.externaltools.gnu-tools-for-stm32.12.3.rel1.win32_1.0.200.202406191623/tools/bin/../lib/gcc/arm-none-eabi/12.3.1/thumb/v7e-m+dp/hard\libgcc.a(_dvmd_tls.o)
                0x08000538                __aeabi_idiv0
                0x08000538                __aeabi_ldiv0
 *(.text*)
 .text.Audio_ADC_Init
                0x0800053c       0xf8 ./ADC_Driver/Source/ADAU1978.o
                0x0800053c                Audio_ADC_Init
 .text.Audio_ADC_StructInit
                0x08000634       0x4c ./ADC_Driver/Source/ADAU1978.o
                0x08000634                Audio_ADC_StructInit
 .text.gain_code
                0x08000680       0x68 ./ADC_Driver/Source/ADAU1978.o
 .text.Audio_ADC_Calibrate
                0x080006e8       0x78 ./ADC_Driver/Source/ADAU1978.o
                0x080006e8                Audio_ADC_Calibrate
 .text.Audio_ADC_PowerOn
                0x08000760       0x34 ./ADC_Driver/Source/ADAU1978.o
                0x08000760                Audio_ADC_PowerOn
 .text.TDM4Init
                0x08000794       0x3c ./Core/Src/main.o
                0x08000794                TDM4Init
 .text.main     0x080007d0       0x94 ./Core/Src/main.o
                0x080007d0                main
 .text.SystemClock_Config
                0x08000864       0xd8 ./Core/Src/main.o
                0x08000864                SystemClock_Config
 .text.PeriphCommonClock_Config
                0x0800093c       0x4e ./Core/Src/main.o
                0x0800093c                PeriphCommonClock_Config
 *fill*         0x0800098a        0x2 
 .text.MX_ADC3_Init
                0x0800098c       0xa4 ./Core/Src/main.o
 .text.MX_I2C1_Init
                0x08000a30       0x80 ./Core/Src/main.o
 .text.MX_SAI1_Init
                0x08000ab0      0x10c ./Core/Src/main.o
 .text.MX_TIM2_Init
                0x08000bbc       0x9c ./Core/Src/main.o
 .text.MX_DMA_Init
                0x08000c58       0x5c ./Core/Src/main.o
 .text.MX_GPIO_Init
                0x08000cb4      0x160 ./Core/Src/main.o
 .text.HAL_GPIO_EXTI_Callback
                0x08000e14       0x28 ./Core/Src/main.o
                0x08000e14                HAL_GPIO_EXTI_Callback
 .text.HAL_SAI_RxCpltCallback
                0x08000e3c       0x94 ./Core/Src/main.o
                0x08000e3c                HAL_SAI_RxCpltCallback
 .text.HAL_ADC_ConvCpltCallback
                0x08000ed0       0x80 ./Core/Src/main.o
                0x08000ed0                HAL_ADC_ConvCpltCallback
 .text.USB_RxCpltCallback
                0x08000f50      0x110 ./Core/Src/main.o
                0x08000f50                USB_RxCpltCallback
 .text.USB_TxCpltCallback
                0x08001060       0x68 ./Core/Src/main.o
                0x08001060                USB_TxCpltCallback
 .text.MPU_Config
                0x080010c8       0x58 ./Core/Src/main.o
 .text.Error_Handler
                0x08001120        0xc ./Core/Src/main.o
                0x08001120                Error_Handler
 .text.HAL_MspInit
                0x0800112c       0x48 ./Core/Src/stm32f7xx_hal_msp.o
                0x0800112c                HAL_MspInit
 .text.HAL_ADC_MspInit
                0x08001174       0xf8 ./Core/Src/stm32f7xx_hal_msp.o
                0x08001174                HAL_ADC_MspInit
 .text.HAL_I2C_MspInit
                0x0800126c       0xc0 ./Core/Src/stm32f7xx_hal_msp.o
                0x0800126c                HAL_I2C_MspInit
 .text.HAL_TIM_Base_MspInit
                0x0800132c       0x3c ./Core/Src/stm32f7xx_hal_msp.o
                0x0800132c                HAL_TIM_Base_MspInit
 .text.HAL_SAI_MspInit
                0x08001368      0x1dc ./Core/Src/stm32f7xx_hal_msp.o
                0x08001368                HAL_SAI_MspInit
 .text.NMI_Handler
                0x08001544        0x8 ./Core/Src/stm32f7xx_it.o
                0x08001544                NMI_Handler
 .text.HardFault_Handler
                0x0800154c        0x8 ./Core/Src/stm32f7xx_it.o
                0x0800154c                HardFault_Handler
 .text.MemManage_Handler
                0x08001554        0x8 ./Core/Src/stm32f7xx_it.o
                0x08001554                MemManage_Handler
 .text.BusFault_Handler
                0x0800155c        0x8 ./Core/Src/stm32f7xx_it.o
                0x0800155c                BusFault_Handler
 .text.UsageFault_Handler
                0x08001564        0x8 ./Core/Src/stm32f7xx_it.o
                0x08001564                UsageFault_Handler
 .text.SVC_Handler
                0x0800156c        0xe ./Core/Src/stm32f7xx_it.o
                0x0800156c                SVC_Handler
 .text.DebugMon_Handler
                0x0800157a        0xe ./Core/Src/stm32f7xx_it.o
                0x0800157a                DebugMon_Handler
 .text.PendSV_Handler
                0x08001588        0xe ./Core/Src/stm32f7xx_it.o
                0x08001588                PendSV_Handler
 .text.SysTick_Handler
                0x08001596        0xc ./Core/Src/stm32f7xx_it.o
                0x08001596                SysTick_Handler
 *fill*         0x080015a2        0x2 
 .text.ADC_IRQHandler
                0x080015a4       0x14 ./Core/Src/stm32f7xx_it.o
                0x080015a4                ADC_IRQHandler
 .text.EXTI15_10_IRQHandler
                0x080015b8       0x10 ./Core/Src/stm32f7xx_it.o
                0x080015b8                EXTI15_10_IRQHandler
 .text.DMA2_Stream0_IRQHandler
                0x080015c8       0x14 ./Core/Src/stm32f7xx_it.o
                0x080015c8                DMA2_Stream0_IRQHandler
 .text.DMA2_Stream1_IRQHandler
                0x080015dc       0x18 ./Core/Src/stm32f7xx_it.o
                0x080015dc                DMA2_Stream1_IRQHandler
 .text.DMA2_Stream4_IRQHandler
                0x080015f4       0x14 ./Core/Src/stm32f7xx_it.o
                0x080015f4                DMA2_Stream4_IRQHandler
 .text.OTG_FS_IRQHandler
                0x08001608       0x14 ./Core/Src/stm32f7xx_it.o
                0x08001608                OTG_FS_IRQHandler
 .text._sbrk    0x0800161c       0x6c ./Core/Src/sysmem.o
                0x0800161c                _sbrk
 .text.SystemInit
                0x08001688       0x24 ./Core/Src/system_stm32f7xx.o
                0x08001688                SystemInit
 .text.Reset_Handler
                0x080016ac       0x50 ./Core/Startup/startup_stm32f767zitx.o
                0x080016ac                Reset_Handler
 .text.Default_Handler
                0x080016fc        0x2 ./Core/Startup/startup_stm32f767zitx.o
                0x080016fc                RTC_Alarm_IRQHandler
                0x080016fc                EXTI2_IRQHandler
                0x080016fc                TIM8_CC_IRQHandler
                0x080016fc                UART8_IRQHandler
                0x080016fc                SPI4_IRQHandler
                0x080016fc                TIM1_CC_IRQHandler
                0x080016fc                DMA2_Stream5_IRQHandler
                0x080016fc                JPEG_IRQHandler
                0x080016fc                DMA1_Stream5_IRQHandler
                0x080016fc                CAN3_RX1_IRQHandler
                0x080016fc                PVD_IRQHandler
                0x080016fc                TAMP_STAMP_IRQHandler
                0x080016fc                CAN2_RX1_IRQHandler
                0x080016fc                EXTI3_IRQHandler
                0x080016fc                TIM8_TRG_COM_TIM14_IRQHandler
                0x080016fc                DFSDM1_FLT1_IRQHandler
                0x080016fc                TIM1_UP_TIM10_IRQHandler
                0x080016fc                TIM8_UP_TIM13_IRQHandler
                0x080016fc                I2C3_ER_IRQHandler
                0x080016fc                DFSDM1_FLT2_IRQHandler
                0x080016fc                EXTI0_IRQHandler
                0x080016fc                I2C2_EV_IRQHandler
                0x080016fc                DMA1_Stream2_IRQHandler
                0x080016fc                CAN1_RX0_IRQHandler
                0x080016fc                FPU_IRQHandler
                0x080016fc                OTG_HS_WKUP_IRQHandler
                0x080016fc                CAN3_SCE_IRQHandler
                0x080016fc                LTDC_ER_IRQHandler
                0x080016fc                CAN2_SCE_IRQHandler
                0x080016fc                DMA2_Stream2_IRQHandler
                0x080016fc                SPI1_IRQHandler
                0x080016fc                TIM6_DAC_IRQHandler
                0x080016fc                TIM1_BRK_TIM9_IRQHandler
                0x080016fc                DCMI_IRQHandler
                0x080016fc                CAN2_RX0_IRQHandler
                0x080016fc                DMA2_Stream3_IRQHandler
                0x080016fc                SAI2_IRQHandler
                0x080016fc                DFSDM1_FLT3_IRQHandler
                0x080016fc                USART6_IRQHandler
                0x080016fc                CAN3_RX0_IRQHandler
                0x080016fc                USART3_IRQHandler
                0x080016fc                CAN1_RX1_IRQHandler
                0x080016fc                UART5_IRQHandler
                0x080016fc                TIM4_IRQHandler
                0x080016fc                QUADSPI_IRQHandler
                0x080016fc                I2C1_EV_IRQHandler
                0x080016fc                DMA1_Stream6_IRQHandler
                0x080016fc                DMA1_Stream1_IRQHandler
                0x080016fc                UART4_IRQHandler
                0x080016fc                TIM3_IRQHandler
                0x080016fc                RCC_IRQHandler
                0x080016fc                TIM8_BRK_TIM12_IRQHandler
                0x080016fc                Default_Handler
                0x080016fc                CEC_IRQHandler
                0x080016fc                DMA1_Stream7_IRQHandler
                0x080016fc                SPI5_IRQHandler
                0x080016fc                TIM7_IRQHandler
                0x080016fc                SDMMC1_IRQHandler
                0x080016fc                CAN2_TX_IRQHandler
                0x080016fc                TIM5_IRQHandler
                0x080016fc                DMA2_Stream7_IRQHandler
                0x080016fc                I2C3_EV_IRQHandler
                0x080016fc                EXTI9_5_IRQHandler
                0x080016fc                RTC_WKUP_IRQHandler
                0x080016fc                LTDC_IRQHandler
                0x080016fc                ETH_WKUP_IRQHandler
                0x080016fc                SPDIF_RX_IRQHandler
                0x080016fc                SPI2_IRQHandler
                0x080016fc                OTG_HS_EP1_IN_IRQHandler
                0x080016fc                DMA1_Stream0_IRQHandler
                0x080016fc                CAN1_TX_IRQHandler
                0x080016fc                EXTI4_IRQHandler
                0x080016fc                RNG_IRQHandler
                0x080016fc                ETH_IRQHandler
                0x080016fc                OTG_HS_EP1_OUT_IRQHandler
                0x080016fc                WWDG_IRQHandler
                0x080016fc                SPI6_IRQHandler
                0x080016fc                MDIOS_IRQHandler
                0x080016fc                I2C4_EV_IRQHandler
                0x080016fc                CAN3_TX_IRQHandler
                0x080016fc                TIM2_IRQHandler
                0x080016fc                OTG_FS_WKUP_IRQHandler
                0x080016fc                TIM1_TRG_COM_TIM11_IRQHandler
                0x080016fc                OTG_HS_IRQHandler
                0x080016fc                DMA2D_IRQHandler
                0x080016fc                EXTI1_IRQHandler
                0x080016fc                SDMMC2_IRQHandler
                0x080016fc                UART7_IRQHandler
                0x080016fc                USART2_IRQHandler
                0x080016fc                DFSDM1_FLT0_IRQHandler
                0x080016fc                I2C2_ER_IRQHandler
                0x080016fc                CAN1_SCE_IRQHandler
                0x080016fc                FLASH_IRQHandler
                0x080016fc                USART1_IRQHandler
                0x080016fc                SPI3_IRQHandler
                0x080016fc                DMA1_Stream4_IRQHandler
                0x080016fc                I2C1_ER_IRQHandler
                0x080016fc                FMC_IRQHandler
                0x080016fc                LPTIM1_IRQHandler
                0x080016fc                I2C4_ER_IRQHandler
                0x080016fc                DMA2_Stream6_IRQHandler
                0x080016fc                SAI1_IRQHandler
                0x080016fc                DMA1_Stream3_IRQHandler
 .text.HAL_Init
                0x080016fe       0x1a ./Drivers/STM32F7xx_HAL_Driver/Src/stm32f7xx_hal.o
                0x080016fe                HAL_Init
 .text.HAL_InitTick
                0x08001718       0x60 ./Drivers/STM32F7xx_HAL_Driver/Src/stm32f7xx_hal.o
                0x08001718                HAL_InitTick
 .text.HAL_IncTick
                0x08001778       0x28 ./Drivers/STM32F7xx_HAL_Driver/Src/stm32f7xx_hal.o
                0x08001778                HAL_IncTick
 .text.HAL_GetTick
                0x080017a0       0x18 ./Drivers/STM32F7xx_HAL_Driver/Src/stm32f7xx_hal.o
                0x080017a0                HAL_GetTick
 .text.HAL_Delay
                0x080017b8       0x48 ./Drivers/STM32F7xx_HAL_Driver/Src/stm32f7xx_hal.o
                0x080017b8                HAL_Delay
 .text.HAL_ADC_Init
                0x08001800       0x88 ./Drivers/STM32F7xx_HAL_Driver/Src/stm32f7xx_hal_adc.o
                0x08001800                HAL_ADC_Init
 .text.HAL_ADC_IRQHandler
                0x08001888      0x220 ./Drivers/STM32F7xx_HAL_Driver/Src/stm32f7xx_hal_adc.o
                0x08001888                HAL_ADC_IRQHandler
 .text.HAL_ADC_Start_DMA
                0x08001aa8      0x1f4 ./Drivers/STM32F7xx_HAL_Driver/Src/stm32f7xx_hal_adc.o
                0x08001aa8                HAL_ADC_Start_DMA
 .text.HAL_ADC_Stop_DMA
                0x08001c9c       0xb4 ./Drivers/STM32F7xx_HAL_Driver/Src/stm32f7xx_hal_adc.o
                0x08001c9c                HAL_ADC_Stop_DMA
 .text.HAL_ADC_ConvHalfCpltCallback
                0x08001d50       0x14 ./Drivers/STM32F7xx_HAL_Driver/Src/stm32f7xx_hal_adc.o
                0x08001d50                HAL_ADC_ConvHalfCpltCallback
 .text.HAL_ADC_LevelOutOfWindowCallback
                0x08001d64       0x14 ./Drivers/STM32F7xx_HAL_Driver/Src/stm32f7xx_hal_adc.o
                0x08001d64                HAL_ADC_LevelOutOfWindowCallback
 .text.HAL_ADC_ErrorCallback
                0x08001d78       0x14 ./Drivers/STM32F7xx_HAL_Driver/Src/stm32f7xx_hal_adc.o
                0x08001d78                HAL_ADC_ErrorCallback
 .text.HAL_ADC_ConfigChannel
                0x08001d8c      0x2ac ./Drivers/STM32F7xx_HAL_Driver/Src/stm32f7xx_hal_adc.o
                0x08001d8c                HAL_ADC_ConfigChannel
 .text.ADC_Init
                0x08002038      0x1f4 ./Drivers/STM32F7xx_HAL_Driver/Src/stm32f7xx_hal_adc.o
 .text.ADC_DMAConvCplt
                0x0800222c       0xba ./Drivers/STM32F7xx_HAL_Driver/Src/stm32f7xx_hal_adc.o
 .text.ADC_DMAHalfConvCplt
                0x080022e6       0x1c ./Drivers/STM32F7xx_HAL_Driver/Src/stm32f7xx_hal_adc.o
 .text.ADC_DMAError
                0x08002302       0x2e ./Drivers/STM32F7xx_HAL_Driver/Src/stm32f7xx_hal_adc.o
 .text.HAL_ADCEx_InjectedConvCpltCallback
                0x08002330       0x14 ./Drivers/STM32F7xx_HAL_Driver/Src/stm32f7xx_hal_adc_ex.o
                0x08002330                HAL_ADCEx_InjectedConvCpltCallback
 .text.__NVIC_SetPriorityGrouping
                0x08002344       0x48 ./Drivers/STM32F7xx_HAL_Driver/Src/stm32f7xx_hal_cortex.o
 .text.__NVIC_GetPriorityGrouping
                0x0800238c       0x1c ./Drivers/STM32F7xx_HAL_Driver/Src/stm32f7xx_hal_cortex.o
 .text.__NVIC_EnableIRQ
                0x080023a8       0x3c ./Drivers/STM32F7xx_HAL_Driver/Src/stm32f7xx_hal_cortex.o
 .text.__NVIC_SetPriority
                0x080023e4       0x54 ./Drivers/STM32F7xx_HAL_Driver/Src/stm32f7xx_hal_cortex.o
 .text.NVIC_EncodePriority
                0x08002438       0x66 ./Drivers/STM32F7xx_HAL_Driver/Src/stm32f7xx_hal_cortex.o
 *fill*         0x0800249e        0x2 
 .text.SysTick_Config
                0x080024a0       0x44 ./Drivers/STM32F7xx_HAL_Driver/Src/stm32f7xx_hal_cortex.o
 .text.HAL_NVIC_SetPriorityGrouping
                0x080024e4       0x16 ./Drivers/STM32F7xx_HAL_Driver/Src/stm32f7xx_hal_cortex.o
                0x080024e4                HAL_NVIC_SetPriorityGrouping
 .text.HAL_NVIC_SetPriority
                0x080024fa       0x38 ./Drivers/STM32F7xx_HAL_Driver/Src/stm32f7xx_hal_cortex.o
                0x080024fa                HAL_NVIC_SetPriority
 .text.HAL_NVIC_EnableIRQ
                0x08002532       0x1c ./Drivers/STM32F7xx_HAL_Driver/Src/stm32f7xx_hal_cortex.o
                0x08002532                HAL_NVIC_EnableIRQ
 .text.HAL_SYSTICK_Config
                0x0800254e       0x18 ./Drivers/STM32F7xx_HAL_Driver/Src/stm32f7xx_hal_cortex.o
                0x0800254e                HAL_SYSTICK_Config
 *fill*         0x08002566        0x2 
 .text.HAL_MPU_Disable
                0x08002568       0x30 ./Drivers/STM32F7xx_HAL_Driver/Src/stm32f7xx_hal_cortex.o
                0x08002568                HAL_MPU_Disable
 .text.HAL_MPU_Enable
                0x08002598       0x40 ./Drivers/STM32F7xx_HAL_Driver/Src/stm32f7xx_hal_cortex.o
                0x08002598                HAL_MPU_Enable
 .text.HAL_MPU_ConfigRegion
                0x080025d8       0x80 ./Drivers/STM32F7xx_HAL_Driver/Src/stm32f7xx_hal_cortex.o
                0x080025d8                HAL_MPU_ConfigRegion
 .text.HAL_DMA_Init
                0x08002658      0x15c ./Drivers/STM32F7xx_HAL_Driver/Src/stm32f7xx_hal_dma.o
                0x08002658                HAL_DMA_Init
 .text.HAL_DMA_Start_IT
                0x080027b4       0xc0 ./Drivers/STM32F7xx_HAL_Driver/Src/stm32f7xx_hal_dma.o
                0x080027b4                HAL_DMA_Start_IT
 .text.HAL_DMA_Abort
                0x08002874       0xe0 ./Drivers/STM32F7xx_HAL_Driver/Src/stm32f7xx_hal_dma.o
                0x08002874                HAL_DMA_Abort
 .text.HAL_DMA_IRQHandler
                0x08002954      0x314 ./Drivers/STM32F7xx_HAL_Driver/Src/stm32f7xx_hal_dma.o
                0x08002954                HAL_DMA_IRQHandler
 .text.DMA_SetConfig
                0x08002c68       0x5c ./Drivers/STM32F7xx_HAL_Driver/Src/stm32f7xx_hal_dma.o
 .text.DMA_CalcBaseAndBitshift
                0x08002cc4       0x6c ./Drivers/STM32F7xx_HAL_Driver/Src/stm32f7xx_hal_dma.o
 .text.DMA_CheckFifoParam
                0x08002d30       0xf8 ./Drivers/STM32F7xx_HAL_Driver/Src/stm32f7xx_hal_dma.o
 .text.HAL_GPIO_Init
                0x08002e28      0x358 ./Drivers/STM32F7xx_HAL_Driver/Src/stm32f7xx_hal_gpio.o
                0x08002e28                HAL_GPIO_Init
 .text.HAL_GPIO_WritePin
                0x08003180       0x32 ./Drivers/STM32F7xx_HAL_Driver/Src/stm32f7xx_hal_gpio.o
                0x08003180                HAL_GPIO_WritePin
 *fill*         0x080031b2        0x2 
 .text.HAL_GPIO_EXTI_IRQHandler
                0x080031b4       0x30 ./Drivers/STM32F7xx_HAL_Driver/Src/stm32f7xx_hal_gpio.o
                0x080031b4                HAL_GPIO_EXTI_IRQHandler
 .text.HAL_I2C_Init
                0x080031e4      0x138 ./Drivers/STM32F7xx_HAL_Driver/Src/stm32f7xx_hal_i2c.o
                0x080031e4                HAL_I2C_Init
 .text.HAL_I2C_Mem_Write
                0x0800331c      0x228 ./Drivers/STM32F7xx_HAL_Driver/Src/stm32f7xx_hal_i2c.o
                0x0800331c                HAL_I2C_Mem_Write
 .text.I2C_RequestMemoryWrite
                0x08003544       0xa8 ./Drivers/STM32F7xx_HAL_Driver/Src/stm32f7xx_hal_i2c.o
 .text.I2C_Flush_TXDR
                0x080035ec       0x48 ./Drivers/STM32F7xx_HAL_Driver/Src/stm32f7xx_hal_i2c.o
 .text.I2C_WaitOnFlagUntilTimeout
                0x08003634       0xb2 ./Drivers/STM32F7xx_HAL_Driver/Src/stm32f7xx_hal_i2c.o
 .text.I2C_WaitOnTXISFlagUntilTimeout
                0x080036e6       0x8e ./Drivers/STM32F7xx_HAL_Driver/Src/stm32f7xx_hal_i2c.o
 .text.I2C_WaitOnSTOPFlagUntilTimeout
                0x08003774       0x86 ./Drivers/STM32F7xx_HAL_Driver/Src/stm32f7xx_hal_i2c.o
 *fill*         0x080037fa        0x2 
 .text.I2C_IsErrorOccurred
                0x080037fc      0x1c0 ./Drivers/STM32F7xx_HAL_Driver/Src/stm32f7xx_hal_i2c.o
 .text.I2C_TransferConfig
                0x080039bc       0x64 ./Drivers/STM32F7xx_HAL_Driver/Src/stm32f7xx_hal_i2c.o
 .text.HAL_I2CEx_ConfigAnalogFilter
                0x08003a20       0x96 ./Drivers/STM32F7xx_HAL_Driver/Src/stm32f7xx_hal_i2c_ex.o
                0x08003a20                HAL_I2CEx_ConfigAnalogFilter
 .text.HAL_I2CEx_ConfigDigitalFilter
                0x08003ab6       0x98 ./Drivers/STM32F7xx_HAL_Driver/Src/stm32f7xx_hal_i2c_ex.o
                0x08003ab6                HAL_I2CEx_ConfigDigitalFilter
 .text.HAL_PCD_Init
                0x08003b4e      0x22c ./Drivers/STM32F7xx_HAL_Driver/Src/stm32f7xx_hal_pcd.o
                0x08003b4e                HAL_PCD_Init
 .text.HAL_PCD_Start
                0x08003d7a       0x44 ./Drivers/STM32F7xx_HAL_Driver/Src/stm32f7xx_hal_pcd.o
                0x08003d7a                HAL_PCD_Start
 .text.HAL_PCD_IRQHandler
                0x08003dbe      0x99c ./Drivers/STM32F7xx_HAL_Driver/Src/stm32f7xx_hal_pcd.o
                0x08003dbe                HAL_PCD_IRQHandler
 .text.HAL_PCD_SetAddress
                0x0800475a       0x48 ./Drivers/STM32F7xx_HAL_Driver/Src/stm32f7xx_hal_pcd.o
                0x0800475a                HAL_PCD_SetAddress
 .text.HAL_PCD_EP_Open
                0x080047a2       0xd0 ./Drivers/STM32F7xx_HAL_Driver/Src/stm32f7xx_hal_pcd.o
                0x080047a2                HAL_PCD_EP_Open
 .text.HAL_PCD_EP_Close
                0x08004872       0x94 ./Drivers/STM32F7xx_HAL_Driver/Src/stm32f7xx_hal_pcd.o
                0x08004872                HAL_PCD_EP_Close
 .text.HAL_PCD_EP_Receive
                0x08004906       0x76 ./Drivers/STM32F7xx_HAL_Driver/Src/stm32f7xx_hal_pcd.o
                0x08004906                HAL_PCD_EP_Receive
 .text.HAL_PCD_EP_GetRxCount
                0x0800497c       0x30 ./Drivers/STM32F7xx_HAL_Driver/Src/stm32f7xx_hal_pcd.o
                0x0800497c                HAL_PCD_EP_GetRxCount
 .text.HAL_PCD_EP_Transmit
                0x080049ac       0x74 ./Drivers/STM32F7xx_HAL_Driver/Src/stm32f7xx_hal_pcd.o
                0x080049ac                HAL_PCD_EP_Transmit
 .text.HAL_PCD_EP_SetStall
                0x08004a20       0xc6 ./Drivers/STM32F7xx_HAL_Driver/Src/stm32f7xx_hal_pcd.o
                0x08004a20                HAL_PCD_EP_SetStall
 .text.HAL_PCD_EP_ClrStall
                0x08004ae6       0xac ./Drivers/STM32F7xx_HAL_Driver/Src/stm32f7xx_hal_pcd.o
                0x08004ae6                HAL_PCD_EP_ClrStall
 .text.HAL_PCD_EP_Abort
                0x08004b92       0x62 ./Drivers/STM32F7xx_HAL_Driver/Src/stm32f7xx_hal_pcd.o
                0x08004b92                HAL_PCD_EP_Abort
 .text.PCD_WriteEmptyTxFifo
                0x08004bf4      0x118 ./Drivers/STM32F7xx_HAL_Driver/Src/stm32f7xx_hal_pcd.o
 .text.PCD_EP_OutXfrComplete_int
                0x08004d0c      0x1d0 ./Drivers/STM32F7xx_HAL_Driver/Src/stm32f7xx_hal_pcd.o
 .text.PCD_EP_OutSetupPacket_int
                0x08004edc       0x8c ./Drivers/STM32F7xx_HAL_Driver/Src/stm32f7xx_hal_pcd.o
 .text.HAL_PCDEx_SetTxFiFo
                0x08004f68       0x8e ./Drivers/STM32F7xx_HAL_Driver/Src/stm32f7xx_hal_pcd_ex.o
                0x08004f68                HAL_PCDEx_SetTxFiFo
 .text.HAL_PCDEx_SetRxFiFo
                0x08004ff6       0x22 ./Drivers/STM32F7xx_HAL_Driver/Src/stm32f7xx_hal_pcd_ex.o
                0x08004ff6                HAL_PCDEx_SetRxFiFo
 .text.HAL_PCDEx_ActivateLPM
                0x08005018       0x48 ./Drivers/STM32F7xx_HAL_Driver/Src/stm32f7xx_hal_pcd_ex.o
                0x08005018                HAL_PCDEx_ActivateLPM
 .text.HAL_PWR_EnableBkUpAccess
                0x08005060       0x20 ./Drivers/STM32F7xx_HAL_Driver/Src/stm32f7xx_hal_pwr.o
                0x08005060                HAL_PWR_EnableBkUpAccess
 .text.HAL_RCC_OscConfig
                0x08005080      0x55c ./Drivers/STM32F7xx_HAL_Driver/Src/stm32f7xx_hal_rcc.o
                0x08005080                HAL_RCC_OscConfig
 .text.HAL_RCC_ClockConfig
                0x080055dc      0x1d8 ./Drivers/STM32F7xx_HAL_Driver/Src/stm32f7xx_hal_rcc.o
                0x080055dc                HAL_RCC_ClockConfig
 .text.HAL_RCC_GetSysClockFreq
                0x080057b4      0x20c ./Drivers/STM32F7xx_HAL_Driver/Src/stm32f7xx_hal_rcc.o
                0x080057b4                HAL_RCC_GetSysClockFreq
 .text.HAL_RCC_GetHCLKFreq
                0x080059c0       0x18 ./Drivers/STM32F7xx_HAL_Driver/Src/stm32f7xx_hal_rcc.o
                0x080059c0                HAL_RCC_GetHCLKFreq
 .text.HAL_RCCEx_PeriphCLKConfig
                0x080059d8      0x850 ./Drivers/STM32F7xx_HAL_Driver/Src/stm32f7xx_hal_rcc_ex.o
                0x080059d8                HAL_RCCEx_PeriphCLKConfig
 .text.HAL_RCCEx_GetPeriphCLKFreq
                0x08006228      0x2dc ./Drivers/STM32F7xx_HAL_Driver/Src/stm32f7xx_hal_rcc_ex.o
                0x08006228                HAL_RCCEx_GetPeriphCLKFreq
 .text.HAL_SAI_InitProtocol
                0x08006504       0x66 ./Drivers/STM32F7xx_HAL_Driver/Src/stm32f7xx_hal_sai.o
                0x08006504                HAL_SAI_InitProtocol
 *fill*         0x0800656a        0x2 
 .text.HAL_SAI_Init
                0x0800656c      0x2fc ./Drivers/STM32F7xx_HAL_Driver/Src/stm32f7xx_hal_sai.o
                0x0800656c                HAL_SAI_Init
 .text.HAL_SAI_DMAPause
                0x08006868       0x44 ./Drivers/STM32F7xx_HAL_Driver/Src/stm32f7xx_hal_sai.o
                0x08006868                HAL_SAI_DMAPause
 .text.HAL_SAI_DMAStop
                0x080068ac       0xe6 ./Drivers/STM32F7xx_HAL_Driver/Src/stm32f7xx_hal_sai.o
                0x080068ac                HAL_SAI_DMAStop
 *fill*         0x08006992        0x2 
 .text.HAL_SAI_Receive_DMA
                0x08006994      0x11c ./Drivers/STM32F7xx_HAL_Driver/Src/stm32f7xx_hal_sai.o
                0x08006994                HAL_SAI_Receive_DMA
 .text.HAL_SAI_RxHalfCpltCallback
                0x08006ab0       0x14 ./Drivers/STM32F7xx_HAL_Driver/Src/stm32f7xx_hal_sai.o
                0x08006ab0                HAL_SAI_RxHalfCpltCallback
 .text.HAL_SAI_ErrorCallback
                0x08006ac4       0x14 ./Drivers/STM32F7xx_HAL_Driver/Src/stm32f7xx_hal_sai.o
                0x08006ac4                HAL_SAI_ErrorCallback
 .text.SAI_InitI2S
                0x08006ad8      0x15c ./Drivers/STM32F7xx_HAL_Driver/Src/stm32f7xx_hal_sai.o
 .text.SAI_InitPCM
                0x08006c34      0x100 ./Drivers/STM32F7xx_HAL_Driver/Src/stm32f7xx_hal_sai.o
 .text.SAI_InterruptFlag
                0x08006d34       0x6c ./Drivers/STM32F7xx_HAL_Driver/Src/stm32f7xx_hal_sai.o
 .text.SAI_Disable
                0x08006da0       0x70 ./Drivers/STM32F7xx_HAL_Driver/Src/stm32f7xx_hal_sai.o
 .text.SAI_DMARxCplt
                0x08006e10       0x60 ./Drivers/STM32F7xx_HAL_Driver/Src/stm32f7xx_hal_sai.o
 .text.SAI_DMARxHalfCplt
                0x08006e70       0x1c ./Drivers/STM32F7xx_HAL_Driver/Src/stm32f7xx_hal_sai.o
 .text.SAI_DMAError
                0x08006e8c       0x66 ./Drivers/STM32F7xx_HAL_Driver/Src/stm32f7xx_hal_sai.o
 .text.HAL_TIM_Base_Init
                0x08006ef2       0xae ./Drivers/STM32F7xx_HAL_Driver/Src/stm32f7xx_hal_tim.o
                0x08006ef2                HAL_TIM_Base_Init
 .text.HAL_TIM_Base_Start
                0x08006fa0       0xe0 ./Drivers/STM32F7xx_HAL_Driver/Src/stm32f7xx_hal_tim.o
                0x08006fa0                HAL_TIM_Base_Start
 .text.HAL_TIM_Base_Stop
                0x08007080       0x4e ./Drivers/STM32F7xx_HAL_Driver/Src/stm32f7xx_hal_tim.o
                0x08007080                HAL_TIM_Base_Stop
 *fill*         0x080070ce        0x2 
 .text.HAL_TIM_ConfigClockSource
                0x080070d0      0x194 ./Drivers/STM32F7xx_HAL_Driver/Src/stm32f7xx_hal_tim.o
                0x080070d0                HAL_TIM_ConfigClockSource
 .text.TIM_Base_SetConfig
                0x08007264      0x158 ./Drivers/STM32F7xx_HAL_Driver/Src/stm32f7xx_hal_tim.o
                0x08007264                TIM_Base_SetConfig
 .text.TIM_TI1_ConfigInputStage
                0x080073bc       0x5e ./Drivers/STM32F7xx_HAL_Driver/Src/stm32f7xx_hal_tim.o
 .text.TIM_TI2_ConfigInputStage
                0x0800741a       0x60 ./Drivers/STM32F7xx_HAL_Driver/Src/stm32f7xx_hal_tim.o
 .text.TIM_ITRx_SetConfig
                0x0800747a       0x36 ./Drivers/STM32F7xx_HAL_Driver/Src/stm32f7xx_hal_tim.o
 .text.TIM_ETR_SetConfig
                0x080074b0       0x40 ./Drivers/STM32F7xx_HAL_Driver/Src/stm32f7xx_hal_tim.o
                0x080074b0                TIM_ETR_SetConfig
 .text.HAL_TIMEx_MasterConfigSynchronization
                0x080074f0      0x11c ./Drivers/STM32F7xx_HAL_Driver/Src/stm32f7xx_hal_tim_ex.o
                0x080074f0                HAL_TIMEx_MasterConfigSynchronization
 .text.USB_CoreInit
                0x0800760c       0xb4 ./Drivers/STM32F7xx_HAL_Driver/Src/stm32f7xx_ll_usb.o
                0x0800760c                USB_CoreInit
 .text.USB_SetTurnaroundTime
                0x080076c0      0x144 ./Drivers/STM32F7xx_HAL_Driver/Src/stm32f7xx_ll_usb.o
                0x080076c0                USB_SetTurnaroundTime
 .text.USB_EnableGlobalInt
                0x08007804       0x22 ./Drivers/STM32F7xx_HAL_Driver/Src/stm32f7xx_ll_usb.o
                0x08007804                USB_EnableGlobalInt
 .text.USB_DisableGlobalInt
                0x08007826       0x22 ./Drivers/STM32F7xx_HAL_Driver/Src/stm32f7xx_ll_usb.o
                0x08007826                USB_DisableGlobalInt
 .text.USB_SetCurrentMode
                0x08007848       0x98 ./Drivers/STM32F7xx_HAL_Driver/Src/stm32f7xx_ll_usb.o
                0x08007848                USB_SetCurrentMode
 .text.USB_DevInit
                0x080078e0      0x2bc ./Drivers/STM32F7xx_HAL_Driver/Src/stm32f7xx_ll_usb.o
                0x080078e0                USB_DevInit
 .text.USB_FlushTxFifo
                0x08007b9c       0x64 ./Drivers/STM32F7xx_HAL_Driver/Src/stm32f7xx_ll_usb.o
                0x08007b9c                USB_FlushTxFifo
 .text.USB_FlushRxFifo
                0x08007c00       0x5c ./Drivers/STM32F7xx_HAL_Driver/Src/stm32f7xx_ll_usb.o
                0x08007c00                USB_FlushRxFifo
 .text.USB_SetDevSpeed
                0x08007c5c       0x32 ./Drivers/STM32F7xx_HAL_Driver/Src/stm32f7xx_ll_usb.o
                0x08007c5c                USB_SetDevSpeed
 .text.USB_GetDevSpeed
                0x08007c8e       0x4a ./Drivers/STM32F7xx_HAL_Driver/Src/stm32f7xx_ll_usb.o
                0x08007c8e                USB_GetDevSpeed
 .text.USB_ActivateEndpoint
                0x08007cd8      0x110 ./Drivers/STM32F7xx_HAL_Driver/Src/stm32f7xx_ll_usb.o
                0x08007cd8                USB_ActivateEndpoint
 .text.USB_DeactivateEndpoint
                0x08007de8      0x1b8 ./Drivers/STM32F7xx_HAL_Driver/Src/stm32f7xx_ll_usb.o
                0x08007de8                USB_DeactivateEndpoint
 .text.USB_EPStartXfer
                0x08007fa0      0x540 ./Drivers/STM32F7xx_HAL_Driver/Src/stm32f7xx_ll_usb.o
                0x08007fa0                USB_EPStartXfer
 .text.USB_EPStopXfer
                0x080084e0      0x154 ./Drivers/STM32F7xx_HAL_Driver/Src/stm32f7xx_ll_usb.o
                0x080084e0                USB_EPStopXfer
 .text.USB_WritePacket
                0x08008634       0x7c ./Drivers/STM32F7xx_HAL_Driver/Src/stm32f7xx_ll_usb.o
                0x08008634                USB_WritePacket
 .text.USB_ReadPacket
                0x080086b0       0xb0 ./Drivers/STM32F7xx_HAL_Driver/Src/stm32f7xx_ll_usb.o
                0x080086b0                USB_ReadPacket
 .text.USB_EPSetStall
                0x08008760       0xdc ./Drivers/STM32F7xx_HAL_Driver/Src/stm32f7xx_ll_usb.o
                0x08008760                USB_EPSetStall
 .text.USB_EPClearStall
                0x0800883c       0xcc ./Drivers/STM32F7xx_HAL_Driver/Src/stm32f7xx_ll_usb.o
                0x0800883c                USB_EPClearStall
 .text.USB_SetDevAddress
                0x08008908       0x4c ./Drivers/STM32F7xx_HAL_Driver/Src/stm32f7xx_ll_usb.o
                0x08008908                USB_SetDevAddress
 .text.USB_DevConnect
                0x08008954       0x42 ./Drivers/STM32F7xx_HAL_Driver/Src/stm32f7xx_ll_usb.o
                0x08008954                USB_DevConnect
 .text.USB_DevDisconnect
                0x08008996       0x42 ./Drivers/STM32F7xx_HAL_Driver/Src/stm32f7xx_ll_usb.o
                0x08008996                USB_DevDisconnect
 .text.USB_ReadInterrupts
                0x080089d8       0x26 ./Drivers/STM32F7xx_HAL_Driver/Src/stm32f7xx_ll_usb.o
                0x080089d8                USB_ReadInterrupts
 .text.USB_ReadDevAllOutEpInterrupt
                0x080089fe       0x34 ./Drivers/STM32F7xx_HAL_Driver/Src/stm32f7xx_ll_usb.o
                0x080089fe                USB_ReadDevAllOutEpInterrupt
 .text.USB_ReadDevAllInEpInterrupt
                0x08008a32       0x34 ./Drivers/STM32F7xx_HAL_Driver/Src/stm32f7xx_ll_usb.o
                0x08008a32                USB_ReadDevAllInEpInterrupt
 .text.USB_ReadDevOutEPInterrupt
                0x08008a66       0x3c ./Drivers/STM32F7xx_HAL_Driver/Src/stm32f7xx_ll_usb.o
                0x08008a66                USB_ReadDevOutEPInterrupt
 .text.USB_ReadDevInEPInterrupt
                0x08008aa2       0x5c ./Drivers/STM32F7xx_HAL_Driver/Src/stm32f7xx_ll_usb.o
                0x08008aa2                USB_ReadDevInEPInterrupt
 .text.USB_GetMode
                0x08008afe       0x1c ./Drivers/STM32F7xx_HAL_Driver/Src/stm32f7xx_ll_usb.o
                0x08008afe                USB_GetMode
 *fill*         0x08008b1a        0x2 
 .text.USB_ActivateSetup
                0x08008b1c       0x48 ./Drivers/STM32F7xx_HAL_Driver/Src/stm32f7xx_ll_usb.o
                0x08008b1c                USB_ActivateSetup
 .text.USB_EP0_OutStart
                0x08008b64       0xbc ./Drivers/STM32F7xx_HAL_Driver/Src/stm32f7xx_ll_usb.o
                0x08008b64                USB_EP0_OutStart
 .text.USB_CoreReset
                0x08008c20       0x62 ./Drivers/STM32F7xx_HAL_Driver/Src/stm32f7xx_ll_usb.o
 *fill*         0x08008c82        0x2 
 .text.USBD_CDC_Init
                0x08008c84      0x1f0 ./Middlewares/ST/STM32_USB_Device_Library/Class/CDC/Src/usbd_cdc.o
 .text.USBD_CDC_DeInit
                0x08008e74      0x104 ./Middlewares/ST/STM32_USB_Device_Library/Class/CDC/Src/usbd_cdc.o
 .text.USBD_CDC_Setup
                0x08008f78      0x1b8 ./Middlewares/ST/STM32_USB_Device_Library/Class/CDC/Src/usbd_cdc.o
 .text.USBD_CDC_DataIn
                0x08009130       0xfe ./Middlewares/ST/STM32_USB_Device_Library/Class/CDC/Src/usbd_cdc.o
 .text.USBD_CDC_DataOut
                0x0800922e       0x70 ./Middlewares/ST/STM32_USB_Device_Library/Class/CDC/Src/usbd_cdc.o
 .text.USBD_CDC_EP0_RxReady
                0x0800929e       0x74 ./Middlewares/ST/STM32_USB_Device_Library/Class/CDC/Src/usbd_cdc.o
 *fill*         0x08009312        0x2 
 .text.USBD_CDC_GetFSCfgDesc
                0x08009314       0x70 ./Middlewares/ST/STM32_USB_Device_Library/Class/CDC/Src/usbd_cdc.o
 .text.USBD_CDC_GetHSCfgDesc
                0x08009384       0x70 ./Middlewares/ST/STM32_USB_Device_Library/Class/CDC/Src/usbd_cdc.o
 .text.USBD_CDC_GetOtherSpeedCfgDesc
                0x080093f4       0x70 ./Middlewares/ST/STM32_USB_Device_Library/Class/CDC/Src/usbd_cdc.o
 .text.USBD_CDC_GetDeviceQualifierDescriptor
                0x08009464       0x20 ./Middlewares/ST/STM32_USB_Device_Library/Class/CDC/Src/usbd_cdc.o
                0x08009464                USBD_CDC_GetDeviceQualifierDescriptor
 .text.USBD_CDC_RegisterInterface
                0x08009484       0x34 ./Middlewares/ST/STM32_USB_Device_Library/Class/CDC/Src/usbd_cdc.o
                0x08009484                USBD_CDC_RegisterInterface
 .text.USBD_CDC_SetTxBuffer
                0x080094b8       0x44 ./Middlewares/ST/STM32_USB_Device_Library/Class/CDC/Src/usbd_cdc.o
                0x080094b8                USBD_CDC_SetTxBuffer
 .text.USBD_CDC_SetRxBuffer
                0x080094fc       0x3a ./Middlewares/ST/STM32_USB_Device_Library/Class/CDC/Src/usbd_cdc.o
                0x080094fc                USBD_CDC_SetRxBuffer
 *fill*         0x08009536        0x2 
 .text.USBD_CDC_TransmitPacket
                0x08009538       0x80 ./Middlewares/ST/STM32_USB_Device_Library/Class/CDC/Src/usbd_cdc.o
                0x08009538                USBD_CDC_TransmitPacket
 .text.USBD_CDC_ReceivePacket
                0x080095b8       0x6c ./Middlewares/ST/STM32_USB_Device_Library/Class/CDC/Src/usbd_cdc.o
                0x080095b8                USBD_CDC_ReceivePacket
 .text.USBD_Init
                0x08009624       0x60 ./Middlewares/ST/STM32_USB_Device_Library/Core/Src/usbd_core.o
                0x08009624                USBD_Init
 .text.USBD_RegisterClass
                0x08009684       0x6c ./Middlewares/ST/STM32_USB_Device_Library/Core/Src/usbd_core.o
                0x08009684                USBD_RegisterClass
 .text.USBD_Start
                0x080096f0       0x18 ./Middlewares/ST/STM32_USB_Device_Library/Core/Src/usbd_core.o
                0x080096f0                USBD_Start
 .text.USBD_RunTestMode
                0x08009708       0x16 ./Middlewares/ST/STM32_USB_Device_Library/Core/Src/usbd_core.o
                0x08009708                USBD_RunTestMode
 .text.USBD_SetClassConfig
                0x0800971e       0x38 ./Middlewares/ST/STM32_USB_Device_Library/Core/Src/usbd_core.o
                0x0800971e                USBD_SetClassConfig
 .text.USBD_ClrClassConfig
                0x08009756       0x34 ./Middlewares/ST/STM32_USB_Device_Library/Core/Src/usbd_core.o
                0x08009756                USBD_ClrClassConfig
 .text.USBD_LL_SetupStage
                0x0800978a       0xaa ./Middlewares/ST/STM32_USB_Device_Library/Core/Src/usbd_core.o
                0x0800978a                USBD_LL_SetupStage
 .text.USBD_LL_DataOutStage
                0x08009834      0x166 ./Middlewares/ST/STM32_USB_Device_Library/Core/Src/usbd_core.o
                0x08009834                USBD_LL_DataOutStage
 .text.USBD_LL_DataInStage
                0x0800999a      0x164 ./Middlewares/ST/STM32_USB_Device_Library/Core/Src/usbd_core.o
                0x0800999a                USBD_LL_DataInStage
 .text.USBD_LL_Reset
                0x08009afe       0xa4 ./Middlewares/ST/STM32_USB_Device_Library/Core/Src/usbd_core.o
                0x08009afe                USBD_LL_Reset
 .text.USBD_LL_SetSpeed
                0x08009ba2       0x20 ./Middlewares/ST/STM32_USB_Device_Library/Core/Src/usbd_core.o
                0x08009ba2                USBD_LL_SetSpeed
 .text.USBD_LL_Suspend
                0x08009bc2       0x38 ./Middlewares/ST/STM32_USB_Device_Library/Core/Src/usbd_core.o
                0x08009bc2                USBD_LL_Suspend
 .text.USBD_LL_Resume
                0x08009bfa       0x30 ./Middlewares/ST/STM32_USB_Device_Library/Core/Src/usbd_core.o
                0x08009bfa                USBD_LL_Resume
 .text.USBD_LL_SOF
                0x08009c2a       0x40 ./Middlewares/ST/STM32_USB_Device_Library/Core/Src/usbd_core.o
                0x08009c2a                USBD_LL_SOF
 .text.USBD_LL_IsoINIncomplete
                0x08009c6a       0x64 ./Middlewares/ST/STM32_USB_Device_Library/Core/Src/usbd_core.o
                0x08009c6a                USBD_LL_IsoINIncomplete
 .text.USBD_LL_IsoOUTIncomplete
                0x08009cce       0x64 ./Middlewares/ST/STM32_USB_Device_Library/Core/Src/usbd_core.o
                0x08009cce                USBD_LL_IsoOUTIncomplete
 .text.USBD_LL_DevConnected
                0x08009d32       0x16 ./Middlewares/ST/STM32_USB_Device_Library/Core/Src/usbd_core.o
                0x08009d32                USBD_LL_DevConnected
 .text.USBD_LL_DevDisconnected
                0x08009d48       0x46 ./Middlewares/ST/STM32_USB_Device_Library/Core/Src/usbd_core.o
                0x08009d48                USBD_LL_DevDisconnected
 .text.USBD_CoreFindIF
                0x08009d8e       0x1a ./Middlewares/ST/STM32_USB_Device_Library/Core/Src/usbd_core.o
                0x08009d8e                USBD_CoreFindIF
 .text.USBD_CoreFindEP
                0x08009da8       0x1a ./Middlewares/ST/STM32_USB_Device_Library/Core/Src/usbd_core.o
                0x08009da8                USBD_CoreFindEP
 .text.USBD_GetEpDesc
                0x08009dc2       0x70 ./Middlewares/ST/STM32_USB_Device_Library/Core/Src/usbd_core.o
                0x08009dc2                USBD_GetEpDesc
 .text.USBD_GetNextDesc
                0x08009e32       0x38 ./Middlewares/ST/STM32_USB_Device_Library/Core/Src/usbd_core.o
                0x08009e32                USBD_GetNextDesc
 .text.SWAPBYTE
                0x08009e6a       0x3c ./Middlewares/ST/STM32_USB_Device_Library/Core/Src/usbd_ctlreq.o
 *fill*         0x08009ea6        0x2 
 .text.USBD_StdDevReq
                0x08009ea8       0xe4 ./Middlewares/ST/STM32_USB_Device_Library/Core/Src/usbd_ctlreq.o
                0x08009ea8                USBD_StdDevReq
 .text.USBD_StdItfReq
                0x08009f8c       0xd8 ./Middlewares/ST/STM32_USB_Device_Library/Core/Src/usbd_ctlreq.o
                0x08009f8c                USBD_StdItfReq
 .text.USBD_StdEPReq
                0x0800a064      0x33a ./Middlewares/ST/STM32_USB_Device_Library/Core/Src/usbd_ctlreq.o
                0x0800a064                USBD_StdEPReq
 *fill*         0x0800a39e        0x2 
 .text.USBD_GetDescriptor
                0x0800a3a0      0x328 ./Middlewares/ST/STM32_USB_Device_Library/Core/Src/usbd_ctlreq.o
 .text.USBD_SetAddress
                0x0800a6c8       0x88 ./Middlewares/ST/STM32_USB_Device_Library/Core/Src/usbd_ctlreq.o
 .text.USBD_SetConfig
                0x0800a750      0x154 ./Middlewares/ST/STM32_USB_Device_Library/Core/Src/usbd_ctlreq.o
 .text.USBD_GetConfig
                0x0800a8a4       0x6c ./Middlewares/ST/STM32_USB_Device_Library/Core/Src/usbd_ctlreq.o
 .text.USBD_GetStatus
                0x0800a910       0x68 ./Middlewares/ST/STM32_USB_Device_Library/Core/Src/usbd_ctlreq.o
 .text.USBD_SetFeature
                0x0800a978       0x52 ./Middlewares/ST/STM32_USB_Device_Library/Core/Src/usbd_ctlreq.o
 .text.USBD_ClrFeature
                0x0800a9ca       0x44 ./Middlewares/ST/STM32_USB_Device_Library/Core/Src/usbd_ctlreq.o
 .text.USBD_ParseSetupRequest
                0x0800aa0e       0x74 ./Middlewares/ST/STM32_USB_Device_Library/Core/Src/usbd_ctlreq.o
                0x0800aa0e                USBD_ParseSetupRequest
 .text.USBD_CtlError
                0x0800aa82       0x22 ./Middlewares/ST/STM32_USB_Device_Library/Core/Src/usbd_ctlreq.o
                0x0800aa82                USBD_CtlError
 .text.USBD_GetString
                0x0800aaa4       0xa4 ./Middlewares/ST/STM32_USB_Device_Library/Core/Src/usbd_ctlreq.o
                0x0800aaa4                USBD_GetString
 .text.USBD_GetLen
                0x0800ab48       0x34 ./Middlewares/ST/STM32_USB_Device_Library/Core/Src/usbd_ctlreq.o
 .text.USBD_CtlSendData
                0x0800ab7c       0x36 ./Middlewares/ST/STM32_USB_Device_Library/Core/Src/usbd_ioreq.o
                0x0800ab7c                USBD_CtlSendData
 .text.USBD_CtlContinueSendData
                0x0800abb2       0x22 ./Middlewares/ST/STM32_USB_Device_Library/Core/Src/usbd_ioreq.o
                0x0800abb2                USBD_CtlContinueSendData
 .text.USBD_CtlPrepareRx
                0x0800abd4       0x3a ./Middlewares/ST/STM32_USB_Device_Library/Core/Src/usbd_ioreq.o
                0x0800abd4                USBD_CtlPrepareRx
 .text.USBD_CtlContinueRx
                0x0800ac0e       0x22 ./Middlewares/ST/STM32_USB_Device_Library/Core/Src/usbd_ioreq.o
                0x0800ac0e                USBD_CtlContinueRx
 .text.USBD_CtlSendStatus
                0x0800ac30       0x26 ./Middlewares/ST/STM32_USB_Device_Library/Core/Src/usbd_ioreq.o
                0x0800ac30                USBD_CtlSendStatus
 .text.USBD_CtlReceiveStatus
                0x0800ac56       0x26 ./Middlewares/ST/STM32_USB_Device_Library/Core/Src/usbd_ioreq.o
                0x0800ac56                USBD_CtlReceiveStatus
 .text.MX_USB_DEVICE_Init
                0x0800ac7c       0x60 ./USB_DEVICE/App/usb_device.o
                0x0800ac7c                MX_USB_DEVICE_Init
 .text.CDC_Init_FS
                0x0800acdc       0x28 ./USB_DEVICE/App/usbd_cdc_if.o
 .text.CDC_DeInit_FS
                0x0800ad04       0x10 ./USB_DEVICE/App/usbd_cdc_if.o
 .text.CDC_Control_FS
                0x0800ad14      0x144 ./USB_DEVICE/App/usbd_cdc_if.o
 .text.CDC_Receive_FS
                0x0800ae58       0x30 ./USB_DEVICE/App/usbd_cdc_if.o
 .text.CDC_Transmit_FS
                0x0800ae88       0x4c ./USB_DEVICE/App/usbd_cdc_if.o
                0x0800ae88                CDC_Transmit_FS
 .text.CDC_TransmitCplt_FS
                0x0800aed4       0x26 ./USB_DEVICE/App/usbd_cdc_if.o
 *fill*         0x0800aefa        0x2 
 .text.USBD_FS_DeviceDescriptor
                0x0800aefc       0x24 ./USB_DEVICE/App/usbd_desc.o
                0x0800aefc                USBD_FS_DeviceDescriptor
 .text.USBD_FS_LangIDStrDescriptor
                0x0800af20       0x24 ./USB_DEVICE/App/usbd_desc.o
                0x0800af20                USBD_FS_LangIDStrDescriptor
 .text.USBD_FS_ProductStrDescriptor
                0x0800af44       0x3c ./USB_DEVICE/App/usbd_desc.o
                0x0800af44                USBD_FS_ProductStrDescriptor
 .text.USBD_FS_ManufacturerStrDescriptor
                0x0800af80       0x28 ./USB_DEVICE/App/usbd_desc.o
                0x0800af80                USBD_FS_ManufacturerStrDescriptor
 .text.USBD_FS_SerialStrDescriptor
                0x0800afa8       0x24 ./USB_DEVICE/App/usbd_desc.o
                0x0800afa8                USBD_FS_SerialStrDescriptor
 .text.USBD_FS_ConfigStrDescriptor
                0x0800afcc       0x3c ./USB_DEVICE/App/usbd_desc.o
                0x0800afcc                USBD_FS_ConfigStrDescriptor
 .text.USBD_FS_InterfaceStrDescriptor
                0x0800b008       0x3c ./USB_DEVICE/App/usbd_desc.o
                0x0800b008                USBD_FS_InterfaceStrDescriptor
 .text.USBD_FS_USR_BOSDescriptor
                0x0800b044       0x24 ./USB_DEVICE/App/usbd_desc.o
                0x0800b044                USBD_FS_USR_BOSDescriptor
 .text.Get_SerialNum
                0x0800b068       0x58 ./USB_DEVICE/App/usbd_desc.o
 .text.IntToUnicode
                0x0800b0c0       0x7e ./USB_DEVICE/App/usbd_desc.o
 *fill*         0x0800b13e        0x2 
 .text.HAL_PCD_MspInit
                0x0800b140       0xe4 ./USB_DEVICE/Target/usbd_conf.o
                0x0800b140                HAL_PCD_MspInit
 .text.HAL_PCD_SetupStageCallback
                0x0800b224       0x24 ./USB_DEVICE/Target/usbd_conf.o
                0x0800b224                HAL_PCD_SetupStageCallback
 .text.HAL_PCD_DataOutStageCallback
                0x0800b248       0x36 ./USB_DEVICE/Target/usbd_conf.o
                0x0800b248                HAL_PCD_DataOutStageCallback
 .text.HAL_PCD_DataInStageCallback
                0x0800b27e       0x34 ./USB_DEVICE/Target/usbd_conf.o
                0x0800b27e                HAL_PCD_DataInStageCallback
 .text.HAL_PCD_SOFCallback
                0x0800b2b2       0x1c ./USB_DEVICE/Target/usbd_conf.o
                0x0800b2b2                HAL_PCD_SOFCallback
 .text.HAL_PCD_ResetCallback
                0x0800b2ce       0x50 ./USB_DEVICE/Target/usbd_conf.o
                0x0800b2ce                HAL_PCD_ResetCallback
 *fill*         0x0800b31e        0x2 
 .text.HAL_PCD_SuspendCallback
                0x0800b320       0x4c ./USB_DEVICE/Target/usbd_conf.o
                0x0800b320                HAL_PCD_SuspendCallback
 .text.HAL_PCD_ResumeCallback
                0x0800b36c       0x1c ./USB_DEVICE/Target/usbd_conf.o
                0x0800b36c                HAL_PCD_ResumeCallback
 .text.HAL_PCD_ISOOUTIncompleteCallback
                0x0800b388       0x24 ./USB_DEVICE/Target/usbd_conf.o
                0x0800b388                HAL_PCD_ISOOUTIncompleteCallback
 .text.HAL_PCD_ISOINIncompleteCallback
                0x0800b3ac       0x24 ./USB_DEVICE/Target/usbd_conf.o
                0x0800b3ac                HAL_PCD_ISOINIncompleteCallback
 .text.HAL_PCD_ConnectCallback
                0x0800b3d0       0x1c ./USB_DEVICE/Target/usbd_conf.o
                0x0800b3d0                HAL_PCD_ConnectCallback
 .text.HAL_PCD_DisconnectCallback
                0x0800b3ec       0x1c ./USB_DEVICE/Target/usbd_conf.o
                0x0800b3ec                HAL_PCD_DisconnectCallback
 .text.USBD_LL_Init
                0x0800b408       0x98 ./USB_DEVICE/Target/usbd_conf.o
                0x0800b408                USBD_LL_Init
 .text.USBD_LL_Start
                0x0800b4a0       0x36 ./USB_DEVICE/Target/usbd_conf.o
                0x0800b4a0                USBD_LL_Start
 .text.USBD_LL_OpenEP
                0x0800b4d6       0x4c ./USB_DEVICE/Target/usbd_conf.o
                0x0800b4d6                USBD_LL_OpenEP
 .text.USBD_LL_CloseEP
                0x0800b522       0x3e ./USB_DEVICE/Target/usbd_conf.o
                0x0800b522                USBD_LL_CloseEP
 .text.USBD_LL_StallEP
                0x0800b560       0x3e ./USB_DEVICE/Target/usbd_conf.o
                0x0800b560                USBD_LL_StallEP
 .text.USBD_LL_ClearStallEP
                0x0800b59e       0x3e ./USB_DEVICE/Target/usbd_conf.o
                0x0800b59e                USBD_LL_ClearStallEP
 .text.USBD_LL_IsStallEP
                0x0800b5dc       0x58 ./USB_DEVICE/Target/usbd_conf.o
                0x0800b5dc                USBD_LL_IsStallEP
 .text.USBD_LL_SetUSBAddress
                0x0800b634       0x3e ./USB_DEVICE/Target/usbd_conf.o
                0x0800b634                USBD_LL_SetUSBAddress
 .text.USBD_LL_Transmit
                0x0800b672       0x42 ./USB_DEVICE/Target/usbd_conf.o
                0x0800b672                USBD_LL_Transmit
 .text.USBD_LL_PrepareReceive
                0x0800b6b4       0x42 ./USB_DEVICE/Target/usbd_conf.o
                0x0800b6b4                USBD_LL_PrepareReceive
 .text.USBD_LL_GetRxDataSize
                0x0800b6f6       0x26 ./USB_DEVICE/Target/usbd_conf.o
                0x0800b6f6                USBD_LL_GetRxDataSize
 .text.HAL_PCDEx_LPM_Callback
                0x0800b71c       0x9c ./USB_DEVICE/Target/usbd_conf.o
                0x0800b71c                HAL_PCDEx_LPM_Callback
 .text.SystemClockConfig_Resume
                0x0800b7b8        0xc ./USB_DEVICE/Target/usbd_conf.o
 .text.USBD_Get_USB_Status
                0x0800b7c4       0x58 ./USB_DEVICE/Target/usbd_conf.o
                0x0800b7c4                USBD_Get_USB_Status
 .text.malloc   0x0800b81c       0x10 C:/ST/STM32CubeIDE_1.16.0/STM32CubeIDE/plugins/com.st.stm32cube.ide.mcu.externaltools.gnu-tools-for-stm32.12.3.rel1.win32_1.0.200.202406191623/tools/bin/../lib/gcc/arm-none-eabi/12.3.1/../../../../arm-none-eabi/lib/thumb/v7e-m+dp/hard\libc_nano.a(libc_a-malloc.o)
                0x0800b81c                malloc
 .text.free     0x0800b82c       0x10 C:/ST/STM32CubeIDE_1.16.0/STM32CubeIDE/plugins/com.st.stm32cube.ide.mcu.externaltools.gnu-tools-for-stm32.12.3.rel1.win32_1.0.200.202406191623/tools/bin/../lib/gcc/arm-none-eabi/12.3.1/../../../../arm-none-eabi/lib/thumb/v7e-m+dp/hard\libc_nano.a(libc_a-malloc.o)
                0x0800b82c                free
 .text.sbrk_aligned
                0x0800b83c       0x44 C:/ST/STM32CubeIDE_1.16.0/STM32CubeIDE/plugins/com.st.stm32cube.ide.mcu.externaltools.gnu-tools-for-stm32.12.3.rel1.win32_1.0.200.202406191623/tools/bin/../lib/gcc/arm-none-eabi/12.3.1/../../../../arm-none-eabi/lib/thumb/v7e-m+dp/hard\libc_nano.a(libc_a-mallocr.o)
 .text._malloc_r
                0x0800b880      0x100 C:/ST/STM32CubeIDE_1.16.0/STM32CubeIDE/plugins/com.st.stm32cube.ide.mcu.externaltools.gnu-tools-for-stm32.12.3.rel1.win32_1.0.200.202406191623/tools/bin/../lib/gcc/arm-none-eabi/12.3.1/../../../../arm-none-eabi/lib/thumb/v7e-m+dp/hard\libc_nano.a(libc_a-mallocr.o)
                0x0800b880                _malloc_r
 .text.__malloc_lock
                0x0800b980        0xc C:/ST/STM32CubeIDE_1.16.0/STM32CubeIDE/plugins/com.st.stm32cube.ide.mcu.externaltools.gnu-tools-for-stm32.12.3.rel1.win32_1.0.200.202406191623/tools/bin/../lib/gcc/arm-none-eabi/12.3.1/../../../../arm-none-eabi/lib/thumb/v7e-m+dp/hard\libc_nano.a(libc_a-mlock.o)
                0x0800b980                __malloc_lock
 .text.__malloc_unlock
                0x0800b98c        0xc C:/ST/STM32CubeIDE_1.16.0/STM32CubeIDE/plugins/com.st.stm32cube.ide.mcu.externaltools.gnu-tools-for-stm32.12.3.rel1.win32_1.0.200.202406191623/tools/bin/../lib/gcc/arm-none-eabi/12.3.1/../../../../arm-none-eabi/lib/thumb/v7e-m+dp/hard\libc_nano.a(libc_a-mlock.o)
                0x0800b98c                __malloc_unlock
 .text.memset   0x0800b998       0x10 C:/ST/STM32CubeIDE_1.16.0/STM32CubeIDE/plugins/com.st.stm32cube.ide.mcu.externaltools.gnu-tools-for-stm32.12.3.rel1.win32_1.0.200.202406191623/tools/bin/../lib/gcc/arm-none-eabi/12.3.1/../../../../arm-none-eabi/lib/thumb/v7e-m+dp/hard\libc_nano.a(libc_a-memset.o)
                0x0800b998                memset
 .text._sbrk_r  0x0800b9a8       0x20 C:/ST/STM32CubeIDE_1.16.0/STM32CubeIDE/plugins/com.st.stm32cube.ide.mcu.externaltools.gnu-tools-for-stm32.12.3.rel1.win32_1.0.200.202406191623/tools/bin/../lib/gcc/arm-none-eabi/12.3.1/../../../../arm-none-eabi/lib/thumb/v7e-m+dp/hard\libc_nano.a(libc_a-sbrkr.o)
                0x0800b9a8                _sbrk_r
 .text.__errno  0x0800b9c8        0xc C:/ST/STM32CubeIDE_1.16.0/STM32CubeIDE/plugins/com.st.stm32cube.ide.mcu.externaltools.gnu-tools-for-stm32.12.3.rel1.win32_1.0.200.202406191623/tools/bin/../lib/gcc/arm-none-eabi/12.3.1/../../../../arm-none-eabi/lib/thumb/v7e-m+dp/hard\libc_nano.a(libc_a-errno.o)
                0x0800b9c8                __errno
 .text.__libc_init_array
                0x0800b9d4       0x48 C:/ST/STM32CubeIDE_1.16.0/STM32CubeIDE/plugins/com.st.stm32cube.ide.mcu.externaltools.gnu-tools-for-stm32.12.3.rel1.win32_1.0.200.202406191623/tools/bin/../lib/gcc/arm-none-eabi/12.3.1/../../../../arm-none-eabi/lib/thumb/v7e-m+dp/hard\libc_nano.a(libc_a-init.o)
                0x0800b9d4                __libc_init_array
 .text.__retarget_lock_acquire_recursive
                0x0800ba1c        0x2 C:/ST/STM32CubeIDE_1.16.0/STM32CubeIDE/plugins/com.st.stm32cube.ide.mcu.externaltools.gnu-tools-for-stm32.12.3.rel1.win32_1.0.200.202406191623/tools/bin/../lib/gcc/arm-none-eabi/12.3.1/../../../../arm-none-eabi/lib/thumb/v7e-m+dp/hard\libc_nano.a(libc_a-lock.o)
                0x0800ba1c                __retarget_lock_acquire_recursive
 .text.__retarget_lock_release_recursive
                0x0800ba1e        0x2 C:/ST/STM32CubeIDE_1.16.0/STM32CubeIDE/plugins/com.st.stm32cube.ide.mcu.externaltools.gnu-tools-for-stm32.12.3.rel1.win32_1.0.200.202406191623/tools/bin/../lib/gcc/arm-none-eabi/12.3.1/../../../../arm-none-eabi/lib/thumb/v7e-m+dp/hard\libc_nano.a(libc_a-lock.o)
                0x0800ba1e                __retarget_lock_release_recursive
 .text._free_r  0x0800ba20       0x94 C:/ST/STM32CubeIDE_1.16.0/STM32CubeIDE/plugins/com.st.stm32cube.ide.mcu.externaltools.gnu-tools-for-stm32.12.3.rel1.win32_1.0.200.202406191623/tools/bin/../lib/gcc/arm-none-eabi/12.3.1/../../../../arm-none-eabi/lib/thumb/v7e-m+dp/hard\libc_nano.a(libc_a-freer.o)
                0x0800ba20                _free_r
 *(.glue_7)
 .glue_7        0x0800bab4        0x0 linker stubs
 *(.glue_7t)
 .glue_7t       0x0800bab4        0x0 linker stubs
 *(.eh_frame)
 .eh_frame      0x0800bab4        0x0 C:/ST/STM32CubeIDE_1.16.0/STM32CubeIDE/plugins/com.st.stm32cube.ide.mcu.externaltools.gnu-tools-for-stm32.12.3.rel1.win32_1.0.200.202406191623/tools/bin/../lib/gcc/arm-none-eabi/12.3.1/thumb/v7e-m+dp/hard/crtbegin.o
 *(.init)
 .init          0x0800bab4        0x4 C:/ST/STM32CubeIDE_1.16.0/STM32CubeIDE/plugins/com.st.stm32cube.ide.mcu.externaltools.gnu-tools-for-stm32.12.3.rel1.win32_1.0.200.202406191623/tools/bin/../lib/gcc/arm-none-eabi/12.3.1/thumb/v7e-m+dp/hard/crti.o
                0x0800bab4                _init
 .init          0x0800bab8        0x8 C:/ST/STM32CubeIDE_1.16.0/STM32CubeIDE/plugins/com.st.stm32cube.ide.mcu.externaltools.gnu-tools-for-stm32.12.3.rel1.win32_1.0.200.202406191623/tools/bin/../lib/gcc/arm-none-eabi/12.3.1/thumb/v7e-m+dp/hard/crtn.o
 *(.fini)
 .fini          0x0800bac0        0x4 C:/ST/STM32CubeIDE_1.16.0/STM32CubeIDE/plugins/com.st.stm32cube.ide.mcu.externaltools.gnu-tools-for-stm32.12.3.rel1.win32_1.0.200.202406191623/tools/bin/../lib/gcc/arm-none-eabi/12.3.1/thumb/v7e-m+dp/hard/crti.o
                0x0800bac0                _fini
 .fini          0x0800bac4        0x8 C:/ST/STM32CubeIDE_1.16.0/STM32CubeIDE/plugins/com.st.stm32cube.ide.mcu.externaltools.gnu-tools-for-stm32.12.3.rel1.win32_1.0.200.202406191623/tools/bin/../lib/gcc/arm-none-eabi/12.3.1/thumb/v7e-m+dp/hard/crtn.o
                0x0800bacc                        . = ALIGN (0x4)
                0x0800bacc                        _etext = .

.vfp11_veneer   0x0800bacc        0x0
 .vfp11_veneer  0x0800bacc        0x0 linker stubs

.v4_bx          0x0800bacc        0x0
 .v4_bx         0x0800bacc        0x0 linker stubs

.iplt           0x0800bacc        0x0
 .iplt          0x0800bacc        0x0 C:/ST/STM32CubeIDE_1.16.0/STM32CubeIDE/plugins/com.st.stm32cube.ide.mcu.externaltools.gnu-tools-for-stm32.12.3.rel1.win32_1.0.200.202406191623/tools/bin/../lib/gcc/arm-none-eabi/12.3.1/thumb/v7e-m+dp/hard/crtbegin.o

.rodata         0x0800bacc       0x6c
                0x0800bacc                        . = ALIGN (0x4)
 *(.rodata)
 .rodata        0x0800bacc        0xc ./Core/Src/main.o
 .rodata        0x0800bad8       0x46 ./USB_DEVICE/App/usbd_desc.o
 *(.rodata*)
 *fill*         0x0800bb1e        0x2 
 .rodata.AHBPrescTable
                0x0800bb20       0x10 ./Core/Src/system_stm32f7xx.o
                0x0800bb20                AHBPrescTable
 .rodata.flagBitshiftOffset.0
                0x0800bb30        0x8 ./Drivers/STM32F7xx_HAL_Driver/Src/stm32f7xx_hal_dma.o
                0x0800bb38                        . = ALIGN (0x4)

.ARM.extab      0x0800bb38        0x0
                0x0800bb38                        . = ALIGN (0x4)
 *(.ARM.extab* .gnu.linkonce.armextab.*)
                0x0800bb38                        . = ALIGN (0x4)

.ARM            0x0800bb38        0x8
                0x0800bb38                        . = ALIGN (0x4)
                0x0800bb38                        __exidx_start = .
 *(.ARM.exidx*)
 .ARM.exidx     0x0800bb38        0x8 C:/ST/STM32CubeIDE_1.16.0/STM32CubeIDE/plugins/com.st.stm32cube.ide.mcu.externaltools.gnu-tools-for-stm32.12.3.rel1.win32_1.0.200.202406191623/tools/bin/../lib/gcc/arm-none-eabi/12.3.1/../../../../arm-none-eabi/lib/thumb/v7e-m+dp/hard\libc_nano.a(libc_a-strcmp.o)
 .ARM.exidx     0x0800bb40        0x0 C:/ST/STM32CubeIDE_1.16.0/STM32CubeIDE/plugins/com.st.stm32cube.ide.mcu.externaltools.gnu-tools-for-stm32.12.3.rel1.win32_1.0.200.202406191623/tools/bin/../lib/gcc/arm-none-eabi/12.3.1/thumb/v7e-m+dp/hard\libgcc.a(_udivmoddi4.o)
                                  0x8 (size before relaxing)
                0x0800bb40                        __exidx_end = .
                0x0800bb40                        . = ALIGN (0x4)

.preinit_array  0x0800bb40        0x0
                0x0800bb40                        . = ALIGN (0x4)
                0x0800bb40                        PROVIDE (__preinit_array_start = .)
 *(.preinit_array*)
                0x0800bb40                        PROVIDE (__preinit_array_end = .)
                0x0800bb40                        . = ALIGN (0x4)

.init_array     0x0800bb40        0x4
                0x0800bb40                        . = ALIGN (0x4)
                0x0800bb40                        PROVIDE (__init_array_start = .)
 *(SORT_BY_NAME(.init_array.*))
 *(.init_array*)
 .init_array    0x0800bb40        0x4 C:/ST/STM32CubeIDE_1.16.0/STM32CubeIDE/plugins/com.st.stm32cube.ide.mcu.externaltools.gnu-tools-for-stm32.12.3.rel1.win32_1.0.200.202406191623/tools/bin/../lib/gcc/arm-none-eabi/12.3.1/thumb/v7e-m+dp/hard/crtbegin.o
                0x0800bb44                        PROVIDE (__init_array_end = .)
                0x0800bb44                        . = ALIGN (0x4)

.fini_array     0x0800bb44        0x4
                0x0800bb44                        . = ALIGN (0x4)
                [!provide]                        PROVIDE (__fini_array_start = .)
 *(SORT_BY_NAME(.fini_array.*))
 *(.fini_array*)
 .fini_array    0x0800bb44        0x4 C:/ST/STM32CubeIDE_1.16.0/STM32CubeIDE/plugins/com.st.stm32cube.ide.mcu.externaltools.gnu-tools-for-stm32.12.3.rel1.win32_1.0.200.202406191623/tools/bin/../lib/gcc/arm-none-eabi/12.3.1/thumb/v7e-m+dp/hard/crtbegin.o
                [!provide]                        PROVIDE (__fini_array_end = .)
                0x0800bb48                        . = ALIGN (0x4)
                0x0800bb48                        _sidata = LOADADDR (.data)

.rel.dyn        0x0800bb48        0x0
 .rel.iplt      0x0800bb48        0x0 C:/ST/STM32CubeIDE_1.16.0/STM32CubeIDE/plugins/com.st.stm32cube.ide.mcu.externaltools.gnu-tools-for-stm32.12.3.rel1.win32_1.0.200.202406191623/tools/bin/../lib/gcc/arm-none-eabi/12.3.1/thumb/v7e-m+dp/hard/crtbegin.o

.data           0x20000000      0x168 load address 0x0800bb48
                0x20000000                        . = ALIGN (0x4)
                0x20000000                        _sdata = .
 *(.data)
 *(.data*)
 .data.builtin  0x20000000        0x4 ./Core/Src/main.o
                0x20000000                builtin
 .data.stereo   0x20000004        0x4 ./Core/Src/main.o
                0x20000004                stereo
 .data.tdm      0x20000008        0x4 ./Core/Src/main.o
                0x20000008                tdm
 .data.SystemCoreClock
                0x2000000c        0x4 ./Core/Src/system_stm32f7xx.o
                0x2000000c                SystemCoreClock
 .data.uwTickPrio
                0x20000010        0x4 ./Drivers/STM32F7xx_HAL_Driver/Src/stm32f7xx_hal.o
                0x20000010                uwTickPrio
 .data.uwTickFreq
                0x20000014        0x1 ./Drivers/STM32F7xx_HAL_Driver/Src/stm32f7xx_hal.o
                0x20000014                uwTickFreq
 *fill*         0x20000015        0x3 
 .data.USBD_CDC_DeviceQualifierDesc
                0x20000018        0xa ./Middlewares/ST/STM32_USB_Device_Library/Class/CDC/Src/usbd_cdc.o
 *fill*         0x20000022        0x2 
 .data.USBD_CDC
                0x20000024       0x38 ./Middlewares/ST/STM32_USB_Device_Library/Class/CDC/Src/usbd_cdc.o
                0x20000024                USBD_CDC
 .data.USBD_CDC_CfgDesc
                0x2000005c       0x43 ./Middlewares/ST/STM32_USB_Device_Library/Class/CDC/Src/usbd_cdc.o
 .data.CDCInEpAdd
                0x2000009f        0x1 ./Middlewares/ST/STM32_USB_Device_Library/Class/CDC/Src/usbd_cdc.o
 .data.CDCOutEpAdd
                0x200000a0        0x1 ./Middlewares/ST/STM32_USB_Device_Library/Class/CDC/Src/usbd_cdc.o
 .data.CDCCmdEpAdd
                0x200000a1        0x1 ./Middlewares/ST/STM32_USB_Device_Library/Class/CDC/Src/usbd_cdc.o
 *fill*         0x200000a2        0x2 
 .data.USBD_Interface_fops_FS
                0x200000a4       0x14 ./USB_DEVICE/App/usbd_cdc_if.o
                0x200000a4                USBD_Interface_fops_FS
 .data.FS_Desc  0x200000b8       0x20 ./USB_DEVICE/App/usbd_desc.o
                0x200000b8                FS_Desc
 .data.USBD_FS_DeviceDesc
                0x200000d8       0x12 ./USB_DEVICE/App/usbd_desc.o
                0x200000d8                USBD_FS_DeviceDesc
 *fill*         0x200000ea        0x2 
 .data.USBD_FS_BOSDesc
                0x200000ec        0xc ./USB_DEVICE/App/usbd_desc.o
                0x200000ec                USBD_FS_BOSDesc
 .data.USBD_LangIDDesc
                0x200000f8        0x4 ./USB_DEVICE/App/usbd_desc.o
                0x200000f8                USBD_LangIDDesc
 .data.USBD_StringSerial
                0x200000fc       0x1a ./USB_DEVICE/App/usbd_desc.o
                0x200000fc                USBD_StringSerial
 *fill*         0x20000116        0x2 
 .data._impure_ptr
                0x20000118        0x4 C:/ST/STM32CubeIDE_1.16.0/STM32CubeIDE/plugins/com.st.stm32cube.ide.mcu.externaltools.gnu-tools-for-stm32.12.3.rel1.win32_1.0.200.202406191623/tools/bin/../lib/gcc/arm-none-eabi/12.3.1/../../../../arm-none-eabi/lib/thumb/v7e-m+dp/hard\libc_nano.a(libc_a-impure.o)
                0x20000118                _impure_ptr
 .data._impure_data
                0x2000011c       0x4c C:/ST/STM32CubeIDE_1.16.0/STM32CubeIDE/plugins/com.st.stm32cube.ide.mcu.externaltools.gnu-tools-for-stm32.12.3.rel1.win32_1.0.200.202406191623/tools/bin/../lib/gcc/arm-none-eabi/12.3.1/../../../../arm-none-eabi/lib/thumb/v7e-m+dp/hard\libc_nano.a(libc_a-impure.o)
                0x2000011c                _impure_data
 *(.RamFunc)
 *(.RamFunc*)
                0x20000168                        . = ALIGN (0x4)
                0x20000168                        _edata = .

.igot.plt       0x20000168        0x0 load address 0x0800bcb0
 .igot.plt      0x20000168        0x0 C:/ST/STM32CubeIDE_1.16.0/STM32CubeIDE/plugins/com.st.stm32cube.ide.mcu.externaltools.gnu-tools-for-stm32.12.3.rel1.win32_1.0.200.202406191623/tools/bin/../lib/gcc/arm-none-eabi/12.3.1/thumb/v7e-m+dp/hard/crtbegin.o
                0x20000168                        . = ALIGN (0x4)

.bss            0x20000168     0x9e64 load address 0x0800bcb0
                0x20000168                        _sbss = .
                0x20000168                        __bss_start__ = _sbss
 *(.bss)
 .bss           0x20000168       0x1c C:/ST/STM32CubeIDE_1.16.0/STM32CubeIDE/plugins/com.st.stm32cube.ide.mcu.externaltools.gnu-tools-for-stm32.12.3.rel1.win32_1.0.200.202406191623/tools/bin/../lib/gcc/arm-none-eabi/12.3.1/thumb/v7e-m+dp/hard/crtbegin.o
 *(.bss*)
 .bss.hadc3     0x20000184       0x48 ./Core/Src/main.o
                0x20000184                hadc3
 .bss.hdma_adc3
                0x200001cc       0x60 ./Core/Src/main.o
                0x200001cc                hdma_adc3
 .bss.hi2c1     0x2000022c       0x54 ./Core/Src/main.o
                0x2000022c                hi2c1
 .bss.hsai_BlockA1
                0x20000280       0x84 ./Core/Src/main.o
                0x20000280                hsai_BlockA1
 .bss.hsai_BlockB1
                0x20000304       0x84 ./Core/Src/main.o
                0x20000304                hsai_BlockB1
 .bss.hdma_sai1_a
                0x20000388       0x60 ./Core/Src/main.o
                0x20000388                hdma_sai1_a
 .bss.hdma_sai1_b
                0x200003e8       0x60 ./Core/Src/main.o
                0x200003e8                hdma_sai1_b
 .bss.htim2     0x20000448       0x4c ./Core/Src/main.o
                0x20000448                htim2
 .bss.adcx      0x20000494        0x1 ./Core/Src/main.o
                0x20000494                adcx
 *fill*         0x20000495        0x3 
 .bss.xHandle   0x20000498        0xc ./Core/Src/main.o
                0x20000498                xHandle
 .bss.start_tx  0x200004a4        0x1 ./Core/Src/main.o
                0x200004a4                start_tx
 *fill*         0x200004a5        0x3 
 .bss.pTxBuffer
                0x200004a8        0x4 ./Core/Src/main.o
                0x200004a8                pTxBuffer
 .bss.xStatus   0x200004ac        0x1 ./Core/Src/main.o
                0x200004ac                xStatus
 *fill*         0x200004ad        0x3 
 .bss.adc_buffer
                0x200004b0     0x8000 ./Core/Src/main.o
                0x200004b0                adc_buffer
 .bss.SAI1_client
                0x200084b0        0x4 ./Core/Src/stm32f7xx_hal_msp.o
 .bss.__sbrk_heap_end
                0x200084b4        0x4 ./Core/Src/sysmem.o
 .bss.uwTick    0x200084b8        0x4 ./Drivers/STM32F7xx_HAL_Driver/Src/stm32f7xx_hal.o
                0x200084b8                uwTick
 .bss.cfgidx.0  0x200084bc        0x1 ./Middlewares/ST/STM32_USB_Device_Library/Core/Src/usbd_ctlreq.o
 *fill*         0x200084bd        0x3 
 .bss.hUsbDeviceFS
                0x200084c0      0x2dc ./USB_DEVICE/App/usb_device.o
                0x200084c0                hUsbDeviceFS
 .bss.UserRxBufferFS
                0x2000879c      0x800 ./USB_DEVICE/App/usbd_cdc_if.o
                0x2000879c                UserRxBufferFS
 .bss.UserTxBufferFS
                0x20008f9c      0x800 ./USB_DEVICE/App/usbd_cdc_if.o
                0x20008f9c                UserTxBufferFS
 .bss.buf       0x2000979c        0x7 ./USB_DEVICE/App/usbd_cdc_if.o
 *fill*         0x200097a3        0x1 
 .bss.USBD_StrDesc
                0x200097a4      0x200 ./USB_DEVICE/App/usbd_desc.o
                0x200097a4                USBD_StrDesc
 .bss.hpcd_USB_OTG_FS
                0x200099a4      0x4e0 ./USB_DEVICE/Target/usbd_conf.o
                0x200099a4                hpcd_USB_OTG_FS
 .bss.__malloc_sbrk_start
                0x20009e84        0x4 C:/ST/STM32CubeIDE_1.16.0/STM32CubeIDE/plugins/com.st.stm32cube.ide.mcu.externaltools.gnu-tools-for-stm32.12.3.rel1.win32_1.0.200.202406191623/tools/bin/../lib/gcc/arm-none-eabi/12.3.1/../../../../arm-none-eabi/lib/thumb/v7e-m+dp/hard\libc_nano.a(libc_a-mallocr.o)
                0x20009e84                __malloc_sbrk_start
 .bss.__malloc_free_list
                0x20009e88        0x4 C:/ST/STM32CubeIDE_1.16.0/STM32CubeIDE/plugins/com.st.stm32cube.ide.mcu.externaltools.gnu-tools-for-stm32.12.3.rel1.win32_1.0.200.202406191623/tools/bin/../lib/gcc/arm-none-eabi/12.3.1/../../../../arm-none-eabi/lib/thumb/v7e-m+dp/hard\libc_nano.a(libc_a-mallocr.o)
                0x20009e88                __malloc_free_list
 .bss.__sf      0x20009e8c      0x138 C:/ST/STM32CubeIDE_1.16.0/STM32CubeIDE/plugins/com.st.stm32cube.ide.mcu.externaltools.gnu-tools-for-stm32.12.3.rel1.win32_1.0.200.202406191623/tools/bin/../lib/gcc/arm-none-eabi/12.3.1/../../../../arm-none-eabi/lib/thumb/v7e-m+dp/hard\libc_nano.a(libc_a-findfp.o)
                0x20009e8c                __sf
 .bss.errno     0x20009fc4        0x4 C:/ST/STM32CubeIDE_1.16.0/STM32CubeIDE/plugins/com.st.stm32cube.ide.mcu.externaltools.gnu-tools-for-stm32.12.3.rel1.win32_1.0.200.202406191623/tools/bin/../lib/gcc/arm-none-eabi/12.3.1/../../../../arm-none-eabi/lib/thumb/v7e-m+dp/hard\libc_nano.a(libc_a-reent.o)
                0x20009fc4                errno
 .bss.__lock___malloc_recursive_mutex
                0x20009fc8        0x1 C:/ST/STM32CubeIDE_1.16.0/STM32CubeIDE/plugins/com.st.stm32cube.ide.mcu.externaltools.gnu-tools-for-stm32.12.3.rel1.win32_1.0.200.202406191623/tools/bin/../lib/gcc/arm-none-eabi/12.3.1/../../../../arm-none-eabi/lib/thumb/v7e-m+dp/hard\libc_nano.a(libc_a-lock.o)
                0x20009fc8                __lock___malloc_recursive_mutex
 *(COMMON)
                0x20009fcc                        . = ALIGN (0x4)
 *fill*         0x20009fc9        0x3 
                0x20009fcc                        _ebss = .
                0x20009fcc                        __bss_end__ = _ebss

._user_heap_stack
                0x20009fcc     0x6004 load address 0x0800bcb0
                0x20009fd0                        . = ALIGN (0x8)
 *fill*         0x20009fcc        0x4 
                [!provide]                        PROVIDE (end = .)
                0x20009fd0                        PROVIDE (_end = .)
                0x2000dfd0                        . = (. + _Min_Heap_Size)
 *fill*         0x20009fd0     0x4000 
                0x2000ffd0                        . = (. + _Min_Stack_Size)
 *fill*         0x2000dfd0     0x2000 
                0x2000ffd0                        . = ALIGN (0x8)

/DISCARD/
 libc.a(*)
 libm.a(*)
 libgcc.a(*)

.ARM.attributes
                0x00000000       0x2e
 *(.ARM.attributes)
 .ARM.attributes
                0x00000000       0x20 C:/ST/STM32CubeIDE_1.16.0/STM32CubeIDE/plugins/com.st.stm32cube.ide.mcu.externaltools.gnu-tools-for-stm32.12.3.rel1.win32_1.0.200.202406191623/tools/bin/../lib/gcc/arm-none-eabi/12.3.1/thumb/v7e-m+dp/hard/crti.o
 .ARM.attributes
                0x00000020       0x32 C:/ST/STM32CubeIDE_1.16.0/STM32CubeIDE/plugins/com.st.stm32cube.ide.mcu.externaltools.gnu-tools-for-stm32.12.3.rel1.win32_1.0.200.202406191623/tools/bin/../lib/gcc/arm-none-eabi/12.3.1/thumb/v7e-m+dp/hard/crtbegin.o
 .ARM.attributes
                0x00000052       0x32 ./ADC_Driver/Source/ADAU1978.o
 .ARM.attributes
                0x00000084       0x32 ./Core/Src/main.o
 .ARM.attributes
                0x000000b6       0x32 ./Core/Src/stm32f7xx_hal_msp.o
 .ARM.attributes
                0x000000e8       0x32 ./Core/Src/stm32f7xx_it.o
 .ARM.attributes
                0x0000011a       0x32 ./Core/Src/sysmem.o
 .ARM.attributes
                0x0000014c       0x32 ./Core/Src/system_stm32f7xx.o
 .ARM.attributes
                0x0000017e       0x21 ./Core/Startup/startup_stm32f767zitx.o
 .ARM.attributes
                0x0000019f       0x32 ./Drivers/STM32F7xx_HAL_Driver/Src/stm32f7xx_hal.o
 .ARM.attributes
                0x000001d1       0x32 ./Drivers/STM32F7xx_HAL_Driver/Src/stm32f7xx_hal_adc.o
 .ARM.attributes
                0x00000203       0x32 ./Drivers/STM32F7xx_HAL_Driver/Src/stm32f7xx_hal_adc_ex.o
 .ARM.attributes
                0x00000235       0x32 ./Drivers/STM32F7xx_HAL_Driver/Src/stm32f7xx_hal_cortex.o
 .ARM.attributes
                0x00000267       0x32 ./Drivers/STM32F7xx_HAL_Driver/Src/stm32f7xx_hal_dma.o
 .ARM.attributes
                0x00000299       0x32 ./Drivers/STM32F7xx_HAL_Driver/Src/stm32f7xx_hal_gpio.o
 .ARM.attributes
                0x000002cb       0x32 ./Drivers/STM32F7xx_HAL_Driver/Src/stm32f7xx_hal_i2c.o
 .ARM.attributes
                0x000002fd       0x32 ./Drivers/STM32F7xx_HAL_Driver/Src/stm32f7xx_hal_i2c_ex.o
 .ARM.attributes
                0x0000032f       0x32 ./Drivers/STM32F7xx_HAL_Driver/Src/stm32f7xx_hal_pcd.o
 .ARM.attributes
                0x00000361       0x32 ./Drivers/STM32F7xx_HAL_Driver/Src/stm32f7xx_hal_pcd_ex.o
 .ARM.attributes
                0x00000393       0x32 ./Drivers/STM32F7xx_HAL_Driver/Src/stm32f7xx_hal_pwr.o
 .ARM.attributes
                0x000003c5       0x32 ./Drivers/STM32F7xx_HAL_Driver/Src/stm32f7xx_hal_rcc.o
 .ARM.attributes
                0x000003f7       0x32 ./Drivers/STM32F7xx_HAL_Driver/Src/stm32f7xx_hal_rcc_ex.o
 .ARM.attributes
                0x00000429       0x32 ./Drivers/STM32F7xx_HAL_Driver/Src/stm32f7xx_hal_sai.o
 .ARM.attributes
                0x0000045b       0x32 ./Drivers/STM32F7xx_HAL_Driver/Src/stm32f7xx_hal_tim.o
 .ARM.attributes
                0x0000048d       0x32 ./Drivers/STM32F7xx_HAL_Driver/Src/stm32f7xx_hal_tim_ex.o
 .ARM.attributes
                0x000004bf       0x32 ./Drivers/STM32F7xx_HAL_Driver/Src/stm32f7xx_ll_usb.o
 .ARM.attributes
                0x000004f1       0x32 ./Middlewares/ST/STM32_USB_Device_Library/Class/CDC/Src/usbd_cdc.o
 .ARM.attributes
                0x00000523       0x32 ./Middlewares/ST/STM32_USB_Device_Library/Core/Src/usbd_core.o
 .ARM.attributes
                0x00000555       0x32 ./Middlewares/ST/STM32_USB_Device_Library/Core/Src/usbd_ctlreq.o
 .ARM.attributes
                0x00000587       0x32 ./Middlewares/ST/STM32_USB_Device_Library/Core/Src/usbd_ioreq.o
 .ARM.attributes
                0x000005b9       0x32 ./USB_DEVICE/App/usb_device.o
 .ARM.attributes
                0x000005eb       0x32 ./USB_DEVICE/App/usbd_cdc_if.o
 .ARM.attributes
                0x0000061d       0x32 ./USB_DEVICE/App/usbd_desc.o
 .ARM.attributes
                0x0000064f       0x32 ./USB_DEVICE/Target/usbd_conf.o
 .ARM.attributes
                0x00000681       0x32 C:/ST/STM32CubeIDE_1.16.0/STM32CubeIDE/plugins/com.st.stm32cube.ide.mcu.externaltools.gnu-tools-for-stm32.12.3.rel1.win32_1.0.200.202406191623/tools/bin/../lib/gcc/arm-none-eabi/12.3.1/../../../../arm-none-eabi/lib/thumb/v7e-m+dp/hard\libc_nano.a(libc_a-malloc.o)
 .ARM.attributes
                0x000006b3       0x32 C:/ST/STM32CubeIDE_1.16.0/STM32CubeIDE/plugins/com.st.stm32cube.ide.mcu.externaltools.gnu-tools-for-stm32.12.3.rel1.win32_1.0.200.202406191623/tools/bin/../lib/gcc/arm-none-eabi/12.3.1/../../../../arm-none-eabi/lib/thumb/v7e-m+dp/hard\libc_nano.a(libc_a-mallocr.o)
 .ARM.attributes
                0x000006e5       0x32 C:/ST/STM32CubeIDE_1.16.0/STM32CubeIDE/plugins/com.st.stm32cube.ide.mcu.externaltools.gnu-tools-for-stm32.12.3.rel1.win32_1.0.200.202406191623/tools/bin/../lib/gcc/arm-none-eabi/12.3.1/../../../../arm-none-eabi/lib/thumb/v7e-m+dp/hard\libc_nano.a(libc_a-mlock.o)
 .ARM.attributes
                0x00000717       0x32 C:/ST/STM32CubeIDE_1.16.0/STM32CubeIDE/plugins/com.st.stm32cube.ide.mcu.externaltools.gnu-tools-for-stm32.12.3.rel1.win32_1.0.200.202406191623/tools/bin/../lib/gcc/arm-none-eabi/12.3.1/../../../../arm-none-eabi/lib/thumb/v7e-m+dp/hard\libc_nano.a(libc_a-findfp.o)
 .ARM.attributes
                0x00000749       0x32 C:/ST/STM32CubeIDE_1.16.0/STM32CubeIDE/plugins/com.st.stm32cube.ide.mcu.externaltools.gnu-tools-for-stm32.12.3.rel1.win32_1.0.200.202406191623/tools/bin/../lib/gcc/arm-none-eabi/12.3.1/../../../../arm-none-eabi/lib/thumb/v7e-m+dp/hard\libc_nano.a(libc_a-memset.o)
 .ARM.attributes
                0x0000077b       0x32 C:/ST/STM32CubeIDE_1.16.0/STM32CubeIDE/plugins/com.st.stm32cube.ide.mcu.externaltools.gnu-tools-for-stm32.12.3.rel1.win32_1.0.200.202406191623/tools/bin/../lib/gcc/arm-none-eabi/12.3.1/../../../../arm-none-eabi/lib/thumb/v7e-m+dp/hard\libc_nano.a(libc_a-reent.o)
 .ARM.attributes
                0x000007ad       0x32 C:/ST/STM32CubeIDE_1.16.0/STM32CubeIDE/plugins/com.st.stm32cube.ide.mcu.externaltools.gnu-tools-for-stm32.12.3.rel1.win32_1.0.200.202406191623/tools/bin/../lib/gcc/arm-none-eabi/12.3.1/../../../../arm-none-eabi/lib/thumb/v7e-m+dp/hard\libc_nano.a(libc_a-impure.o)
 .ARM.attributes
                0x000007df       0x32 C:/ST/STM32CubeIDE_1.16.0/STM32CubeIDE/plugins/com.st.stm32cube.ide.mcu.externaltools.gnu-tools-for-stm32.12.3.rel1.win32_1.0.200.202406191623/tools/bin/../lib/gcc/arm-none-eabi/12.3.1/../../../../arm-none-eabi/lib/thumb/v7e-m+dp/hard\libc_nano.a(libc_a-sbrkr.o)
 .ARM.attributes
                0x00000811       0x32 C:/ST/STM32CubeIDE_1.16.0/STM32CubeIDE/plugins/com.st.stm32cube.ide.mcu.externaltools.gnu-tools-for-stm32.12.3.rel1.win32_1.0.200.202406191623/tools/bin/../lib/gcc/arm-none-eabi/12.3.1/../../../../arm-none-eabi/lib/thumb/v7e-m+dp/hard\libc_nano.a(libc_a-errno.o)
 .ARM.attributes
                0x00000843       0x32 C:/ST/STM32CubeIDE_1.16.0/STM32CubeIDE/plugins/com.st.stm32cube.ide.mcu.externaltools.gnu-tools-for-stm32.12.3.rel1.win32_1.0.200.202406191623/tools/bin/../lib/gcc/arm-none-eabi/12.3.1/../../../../arm-none-eabi/lib/thumb/v7e-m+dp/hard\libc_nano.a(libc_a-init.o)
 .ARM.attributes
                0x00000875       0x32 C:/ST/STM32CubeIDE_1.16.0/STM32CubeIDE/plugins/com.st.stm32cube.ide.mcu.externaltools.gnu-tools-for-stm32.12.3.rel1.win32_1.0.200.202406191623/tools/bin/../lib/gcc/arm-none-eabi/12.3.1/../../../../arm-none-eabi/lib/thumb/v7e-m+dp/hard\libc_nano.a(libc_a-lock.o)
 .ARM.attributes
                0x000008a7       0x1e C:/ST/STM32CubeIDE_1.16.0/STM32CubeIDE/plugins/com.st.stm32cube.ide.mcu.externaltools.gnu-tools-for-stm32.12.3.rel1.win32_1.0.200.202406191623/tools/bin/../lib/gcc/arm-none-eabi/12.3.1/../../../../arm-none-eabi/lib/thumb/v7e-m+dp/hard\libc_nano.a(libc_a-strcmp.o)
 .ARM.attributes
                0x000008c5       0x32 C:/ST/STM32CubeIDE_1.16.0/STM32CubeIDE/plugins/com.st.stm32cube.ide.mcu.externaltools.gnu-tools-for-stm32.12.3.rel1.win32_1.0.200.202406191623/tools/bin/../lib/gcc/arm-none-eabi/12.3.1/../../../../arm-none-eabi/lib/thumb/v7e-m+dp/hard\libc_nano.a(libc_a-freer.o)
 .ARM.attributes
                0x000008f7       0x20 C:/ST/STM32CubeIDE_1.16.0/STM32CubeIDE/plugins/com.st.stm32cube.ide.mcu.externaltools.gnu-tools-for-stm32.12.3.rel1.win32_1.0.200.202406191623/tools/bin/../lib/gcc/arm-none-eabi/12.3.1/thumb/v7e-m+dp/hard\libgcc.a(_aeabi_uldivmod.o)
 .ARM.attributes
                0x00000917       0x32 C:/ST/STM32CubeIDE_1.16.0/STM32CubeIDE/plugins/com.st.stm32cube.ide.mcu.externaltools.gnu-tools-for-stm32.12.3.rel1.win32_1.0.200.202406191623/tools/bin/../lib/gcc/arm-none-eabi/12.3.1/thumb/v7e-m+dp/hard\libgcc.a(_udivmoddi4.o)
 .ARM.attributes
                0x00000949       0x20 C:/ST/STM32CubeIDE_1.16.0/STM32CubeIDE/plugins/com.st.stm32cube.ide.mcu.externaltools.gnu-tools-for-stm32.12.3.rel1.win32_1.0.200.202406191623/tools/bin/../lib/gcc/arm-none-eabi/12.3.1/thumb/v7e-m+dp/hard\libgcc.a(_dvmd_tls.o)
 .ARM.attributes
                0x00000969       0x20 C:/ST/STM32CubeIDE_1.16.0/STM32CubeIDE/plugins/com.st.stm32cube.ide.mcu.externaltools.gnu-tools-for-stm32.12.3.rel1.win32_1.0.200.202406191623/tools/bin/../lib/gcc/arm-none-eabi/12.3.1/thumb/v7e-m+dp/hard/crtn.o
OUTPUT(EEE4022S_Final_Demo.elf elf32-littlearm)
LOAD linker stubs
LOAD C:/ST/STM32CubeIDE_1.16.0/STM32CubeIDE/plugins/com.st.stm32cube.ide.mcu.externaltools.gnu-tools-for-stm32.12.3.rel1.win32_1.0.200.202406191623/tools/bin/../lib/gcc/arm-none-eabi/12.3.1/../../../../arm-none-eabi/lib/thumb/v7e-m+dp/hard\libc.a
LOAD C:/ST/STM32CubeIDE_1.16.0/STM32CubeIDE/plugins/com.st.stm32cube.ide.mcu.externaltools.gnu-tools-for-stm32.12.3.rel1.win32_1.0.200.202406191623/tools/bin/../lib/gcc/arm-none-eabi/12.3.1/../../../../arm-none-eabi/lib/thumb/v7e-m+dp/hard\libm.a
LOAD C:/ST/STM32CubeIDE_1.16.0/STM32CubeIDE/plugins/com.st.stm32cube.ide.mcu.externaltools.gnu-tools-for-stm32.12.3.rel1.win32_1.0.200.202406191623/tools/bin/../lib/gcc/arm-none-eabi/12.3.1/thumb/v7e-m+dp/hard\libgcc.a

.debug_info     0x00000000    0x1d733
 .debug_info    0x00000000      0x89d ./ADC_Driver/Source/ADAU1978.o
 .debug_info    0x0000089d     0x2308 ./Core/Src/main.o
 .debug_info    0x00002ba5     0x1a84 ./Core/Src/stm32f7xx_hal_msp.o
 .debug_info    0x00004629      0xf38 ./Core/Src/stm32f7xx_it.o
 .debug_info    0x00005561      0x168 ./Core/Src/sysmem.o
 .debug_info    0x000056c9      0x6ed ./Core/Src/system_stm32f7xx.o
 .debug_info    0x00005db6       0x30 ./Core/Startup/startup_stm32f767zitx.o
 .debug_info    0x00005de6      0xa4c ./Drivers/STM32F7xx_HAL_Driver/Src/stm32f7xx_hal.o
 .debug_info    0x00006832      0xc83 ./Drivers/STM32F7xx_HAL_Driver/Src/stm32f7xx_hal_adc.o
 .debug_info    0x000074b5      0xaed ./Drivers/STM32F7xx_HAL_Driver/Src/stm32f7xx_hal_adc_ex.o
 .debug_info    0x00007fa2      0xfc0 ./Drivers/STM32F7xx_HAL_Driver/Src/stm32f7xx_hal_cortex.o
 .debug_info    0x00008f62      0x8e7 ./Drivers/STM32F7xx_HAL_Driver/Src/stm32f7xx_hal_dma.o
 .debug_info    0x00009849      0x6f3 ./Drivers/STM32F7xx_HAL_Driver/Src/stm32f7xx_hal_gpio.o
 .debug_info    0x00009f3c     0x2138 ./Drivers/STM32F7xx_HAL_Driver/Src/stm32f7xx_hal_i2c.o
 .debug_info    0x0000c074      0x92e ./Drivers/STM32F7xx_HAL_Driver/Src/stm32f7xx_hal_i2c_ex.o
 .debug_info    0x0000c9a2     0x1599 ./Drivers/STM32F7xx_HAL_Driver/Src/stm32f7xx_hal_pcd.o
 .debug_info    0x0000df3b      0x7a3 ./Drivers/STM32F7xx_HAL_Driver/Src/stm32f7xx_hal_pcd_ex.o
 .debug_info    0x0000e6de      0x90e ./Drivers/STM32F7xx_HAL_Driver/Src/stm32f7xx_hal_pwr.o
 .debug_info    0x0000efec      0x937 ./Drivers/STM32F7xx_HAL_Driver/Src/stm32f7xx_hal_rcc.o
 .debug_info    0x0000f923      0x6e1 ./Drivers/STM32F7xx_HAL_Driver/Src/stm32f7xx_hal_rcc_ex.o
 .debug_info    0x00010004     0x1130 ./Drivers/STM32F7xx_HAL_Driver/Src/stm32f7xx_hal_sai.o
 .debug_info    0x00011134     0x2ad5 ./Drivers/STM32F7xx_HAL_Driver/Src/stm32f7xx_hal_tim.o
 .debug_info    0x00013c09     0x16bb ./Drivers/STM32F7xx_HAL_Driver/Src/stm32f7xx_hal_tim_ex.o
 .debug_info    0x000152c4     0x19fc ./Drivers/STM32F7xx_HAL_Driver/Src/stm32f7xx_ll_usb.o
 .debug_info    0x00016cc0     0x1307 ./Middlewares/ST/STM32_USB_Device_Library/Class/CDC/Src/usbd_cdc.o
 .debug_info    0x00017fc7      0xe12 ./Middlewares/ST/STM32_USB_Device_Library/Core/Src/usbd_core.o
 .debug_info    0x00018dd9      0xaeb ./Middlewares/ST/STM32_USB_Device_Library/Core/Src/usbd_ctlreq.o
 .debug_info    0x000198c4      0x762 ./Middlewares/ST/STM32_USB_Device_Library/Core/Src/usbd_ioreq.o
 .debug_info    0x0001a026      0x70e ./USB_DEVICE/App/usb_device.o
 .debug_info    0x0001a734      0x94f ./USB_DEVICE/App/usbd_cdc_if.o
 .debug_info    0x0001b083      0x4ba ./USB_DEVICE/App/usbd_desc.o
 .debug_info    0x0001b53d     0x21f6 ./USB_DEVICE/Target/usbd_conf.o

.debug_abbrev   0x00000000     0x4677
 .debug_abbrev  0x00000000      0x207 ./ADC_Driver/Source/ADAU1978.o
 .debug_abbrev  0x00000207      0x387 ./Core/Src/main.o
 .debug_abbrev  0x0000058e      0x2b3 ./Core/Src/stm32f7xx_hal_msp.o
 .debug_abbrev  0x00000841      0x223 ./Core/Src/stm32f7xx_it.o
 .debug_abbrev  0x00000a64       0xbc ./Core/Src/sysmem.o
 .debug_abbrev  0x00000b20      0x13b ./Core/Src/system_stm32f7xx.o
 .debug_abbrev  0x00000c5b       0x24 ./Core/Startup/startup_stm32f767zitx.o
 .debug_abbrev  0x00000c7f      0x213 ./Drivers/STM32F7xx_HAL_Driver/Src/stm32f7xx_hal.o
 .debug_abbrev  0x00000e92      0x252 ./Drivers/STM32F7xx_HAL_Driver/Src/stm32f7xx_hal_adc.o
 .debug_abbrev  0x000010e4      0x270 ./Drivers/STM32F7xx_HAL_Driver/Src/stm32f7xx_hal_adc_ex.o
 .debug_abbrev  0x00001354      0x31e ./Drivers/STM32F7xx_HAL_Driver/Src/stm32f7xx_hal_cortex.o
 .debug_abbrev  0x00001672      0x264 ./Drivers/STM32F7xx_HAL_Driver/Src/stm32f7xx_hal_dma.o
 .debug_abbrev  0x000018d6      0x1d4 ./Drivers/STM32F7xx_HAL_Driver/Src/stm32f7xx_hal_gpio.o
 .debug_abbrev  0x00001aaa      0x260 ./Drivers/STM32F7xx_HAL_Driver/Src/stm32f7xx_hal_i2c.o
 .debug_abbrev  0x00001d0a      0x19c ./Drivers/STM32F7xx_HAL_Driver/Src/stm32f7xx_hal_i2c_ex.o
 .debug_abbrev  0x00001ea6      0x2ee ./Drivers/STM32F7xx_HAL_Driver/Src/stm32f7xx_hal_pcd.o
 .debug_abbrev  0x00002194      0x1ca ./Drivers/STM32F7xx_HAL_Driver/Src/stm32f7xx_hal_pcd_ex.o
 .debug_abbrev  0x0000235e      0x1c5 ./Drivers/STM32F7xx_HAL_Driver/Src/stm32f7xx_hal_pwr.o
 .debug_abbrev  0x00002523      0x2de ./Drivers/STM32F7xx_HAL_Driver/Src/stm32f7xx_hal_rcc.o